[2026-07-12 12:44:03] INFO     core.personality_manager:127: Personalities loaded: CHIDVI, HINATA
[2026-07-12 12:44:03] INFO     ui.runtime:1316: SYS: Renderer initial avatar -> Chidvi.vrm
[2026-07-12 12:44:03] INFO     commands.router:70: Command router initialized
[2026-07-12 12:44:03] INFO     api.key_pool:128: Loaded 6 API keys
[2026-07-12 12:44:04] INFO     ui.runtime:1316: SYS: Renderer page load started.
[2026-07-12 12:44:04] INFO     ui.runtime:1316: SYS: Renderer page load finished -> True.
[2026-07-12 12:44:05] INFO     ui.runtime:1316: SYS: JARVIS online.
[2026-07-12 12:44:13] INFO     HINATA:20: Avatar State -> LISTENING
[2026-07-12 12:44:15] INFO     HINATA:20: Avatar State -> SPEAKING
[2026-07-12 12:44:16] INFO     ui.runtime:1316: Jarvis: Hello, Hinata! How can I help you today?
[2026-07-12 12:44:17] INFO     HINATA:20: Avatar State -> IDLE
[2026-07-12 12:44:26] INFO     commands.router:310: Handling local command: personality - switch  to hinata
[2026-07-12 12:44:26] INFO     core.personality_manager:259: Switching personality to HINATA
[2026-07-12 12:44:26] INFO     core.personality_manager:307: Personality switched to HINATA
[2026-07-12 12:44:26] INFO     commands.router:332: Local command executed: switch  to hinata
[2026-07-12 12:44:26] INFO     ui.runtime:1316: SYS: Switching personality -> HINATA
[2026-07-12 12:44:26] INFO     ui.runtime:1316: SYS: Avatar profile -> HINATA uses Hinata.vrm
[2026-07-12 12:44:26] INFO     ui.runtime:1316: SYS: Applying avatar profile -> HINATA / Hinata.vrm
[2026-07-12 12:44:26] INFO     ui.runtime:1316: SYS: UI theme -> HINATA
[2026-07-12 12:44:26] INFO     ui.runtime:1316: SYS: Forwarding VRM switch -> Hinata.vrm
[2026-07-12 12:44:26] INFO     ui.runtime:1316: [PERSONALITY] Avatar request sent -> Hinata.vrm
[2026-07-12 12:44:26] INFO     ui.runtime:1316: [PERSONALITY] Waiting for renderer -> Hinata.vrm
[2026-07-12 12:44:26] INFO     ui.runtime:1316: SYS: Animation profile -> HINATA
[2026-07-12 12:44:26] INFO     ui.runtime:1316: [VRM] Animation profile requested -> HINATA
[2026-07-12 12:44:26] INFO     ui.runtime:1316: SYS: Personality active -> HINATA
[2026-07-12 12:44:26] INFO     ui.runtime:1316: [VRM] Switch command sent -> Hinata.vrm; result=sent
[2026-07-12 12:44:27] INFO     ui.runtime:1316: [VRM] Waiting for Avatar Ready -> Hinata.vrm; diagnostics={'currentAvatarFile': None, 'hasActiveVRM': False, 'hasMixer': False, 'avatarSwitchInProgress': True, 'queuedAvatarFile': None, 'avatarUpdatePaused': True, 'lastAvatarSwitchStatus': 'switching', 'lastAvatarSwitchError': None, 'sceneChildren': 2, 'emotion': 'listening', 'activeAction': None, 'animation': {'mixerBound': False, 'fbxActive': False, 'activeName': None, 'currentState': 'listening', 'idleName': 'breathing_idle', 'idleActionAlive': False, 'hasCurrentAction': False, 'queueLength': 0, 'queue': [], 'cachedClips': 7, 'cachedClipNames': ['wave', 'idle', 'thinking', 'talking', 'breathing_idle', 'secret', 'talking2'], 'pendingFade': False, 'blendProgress': 1, 'availableGestures': ['wave', 'wave2', 'salute', 'bow', 'clap', 'point', 'shrug', 'nod', 'shake_head', 'jump'], 'availableEmotions': ['happy', 'sad', 'thinking', 'excited', 'embarrassed', 'angry', 'laughing'], 'currentProfile': 'HINATA'}}
[2026-07-12 12:44:27] WARNING  api.key_pool:84: Key marked as failed: AQ.Ab8RN6I... (unhandled errors in a TaskGroup (1 sub-exception))
[2026-07-12 12:44:28] INFO     ui.runtime:1316: [VRM] Avatar switch error -> ReferenceError: playIdle is not defined
    at Object.onStateChange (http://localhost:5173/src/animation-manager.js?t=1783840388757:503:21)
    at applyEmotionTarget (http://localhost:5173/src/main.js?t=1783840388757:102:17)
    at attachVRM (http://localhost:5173/src/main.js?t=1783840388757:396:5)
    at switchAvatarNow (http://localhost:5173/src/main.js?t=1783840388757:442:9)
    at async loadAvatar (http://localhost:5173/src/main.js?t=1783840388757:493:16)
[2026-07-12 12:44:28] INFO     ui.runtime:1316: [VRM] Avatar switch error -> ReferenceError: playIdle is not defined
    at Object.onStateChange (http://localhost:5173/src/animation-manager.js?t=1783840388757:503:21)
    at applyEmotionTarget (http://localhost:5173/src/main.js?t=1783840388757:102:17)
    at attachVRM (http://localhost:5173/src/main.js?t=1783840388757:396:5)
    at switchAvatarNow (http://localhost:5173/src/main.js?t=1783840388757:442:9)
    at async loadAvatar (http://localhost:5173/src/main.js?t=1783840388757:493:16)
[2026-07-12 12:44:29] INFO     ui.runtime:1316: [VRM] Avatar switch error -> ReferenceError: playIdle is not defined
    at Object.onStateChange (http://localhost:5173/src/animation-manager.js?t=1783840388757:503:21)
    at applyEmotionTarget (http://localhost:5173/src/main.js?t=1783840388757:102:17)
    at attachVRM (http://localhost:5173/src/main.js?t=1783840388757:396:5)
    at restorePreviousAvatar (http://localhost:5173/src/main.js?t=1783840388757:416:9)
    at async switchAvatarNow (http://localhost:5173/src/main.js?t=1783840388757:452:9)
    at async loadAvatar (http://localhost:5173/src/main.js?t=1783840388757:493:16)
[2026-07-12 12:44:29] INFO     ui.runtime:1316: [VRM] Avatar switch error -> ReferenceError: playIdle is not defined
    at Object.onStateChange (http://localhost:5173/src/animation-manager.js?t=1783840388757:503:21)
    at applyEmotionTarget (http://localhost:5173/src/main.js?t=1783840388757:102:17)
    at attachVRM (http://localhost:5173/src/main.js?t=1783840388757:396:5)
    at restorePreviousAvatar (http://localhost:5173/src/main.js?t=1783840388757:416:9)
    at async switchAvatarNow (http://localhost:5173/src/main.js?t=1783840388757:452:9)
    at async loadAvatar (http://localhost:5173/src/main.js?t=1783840388757:493:16)
[2026-07-12 12:44:29] INFO     ui.runtime:1316: [VRM] Waiting for Avatar Ready -> Hinata.vrm; diagnostics={'currentAvatarFile': 'Chidvi.vrm', 'hasActiveVRM': True, 'hasMixer': True, 'avatarSwitchInProgress': False, 'queuedAvatarFile': None, 'avatarUpdatePaused': False, 'lastAvatarSwitchStatus': 'rollback_failed', 'lastAvatarSwitchError': 'ReferenceError: playIdle is not defined\n    at Object.onStateChange (http://localhost:5173/src/animation-manager.js?t=1783840388757:503:21)\n    at applyEmotionTarget (http://localhost:5173/src/main.js?t=1783840388757:102:17)\n    at attachVRM (http://localhost:5173/src/main.js?t=1783840388757:396:5)\n    at restorePreviousAvatar (http://localhost:5173/src/main.js?t=1783840388757:416:9)\n    at async switchAvatarNow (http://localhost:5173/src/main.js?t=1783840388757:452:9)\n    at async loadAvatar (http://localhost:5173/src/main.js?t=1783840388757:493:16)', 'sceneChildren': 4, 'emotion': 'idle', 'activeAction': None, 'animation': {'mixerBound': True, 'fbxActive': False, 'activeName': None, 'currentState': 'idle', 'idleName': 'breathing_idle', 'idleActionAlive': True, 'hasCurrentAction': False, 'queueLength': 0, 'queue': [], 'cachedClips': 7, 'cachedClipNames': ['wave', 'idle', 'thinking', 'talking', 'breathing_idle', 'secret', 'talking2'], 'pendingFade': False, 'blendProgress': 1, 'availableGestures': ['wave', 'wave2', 'salute', 'bow', 'clap', 'point', 'shrug', 'nod', 'shake_head', 'jump'], 'availableEmotions': ['happy', 'sad', 'thinking', 'excited', 'embarrassed', 'angry', 'laughing'], 'currentProfile': 'HINATA'}}
[2026-07-12 12:44:29] INFO     ui.runtime:1316: [VRM] Avatar switch error -> ReferenceError: playIdle is not defined
    at Object.onStateChange (http://localhost:5173/src/animation-manager.js?t=1783840388757:503:21)
    at applyEmotionTarget (http://localhost:5173/src/main.js?t=1783840388757:102:17)
    at attachVRM (http://localhost:5173/src/main.js?t=1783840388757:396:5)
    at restorePreviousAvatar (http://localhost:5173/src/main.js?t=1783840388757:416:9)
    at async switchAvatarNow (http://localhost:5173/src/main.js?t=1783840388757:452:9)
    at async loadAvatar (http://localhost:5173/src/main.js?t=1783840388757:493:16)
[2026-07-12 12:44:30] INFO     ui.runtime:1316: [VRM] Avatar switch error -> ReferenceError: playIdle is not defined
    at Object.onStateChange (http://localhost:5173/src/animation-manager.js?t=1783840388757:503:21)
    at applyEmotionTarget (http://localhost:5173/src/main.js?t=1783840388757:102:17)
    at attachVRM (http://localhost:5173/src/main.js?t=1783840388757:396:5)
    at restorePreviousAvatar (http://localhost:5173/src/main.js?t=1783840388757:416:9)
    at async switchAvatarNow (http://localhost:5173/src/main.js?t=1783840388757:452:9)
    at async loadAvatar (http://localhost:5173/src/main.js?t=1783840388757:493:16)
[2026-07-12 12:44:30] INFO     ui.runtime:1316: [VRM] Avatar switch error -> ReferenceError: playIdle is not defined
    at Object.onStateChange (http://localhost:5173/src/animation-manager.js?t=1783840388757:503:21)
    at applyEmotionTarget (http://localhost:5173/src/main.js?t=1783840388757:102:17)
    at attachVRM (http://localhost:5173/src/main.js?t=1783840388757:396:5)
    at restorePreviousAvatar (http://localhost:5173/src/main.js?t=1783840388757:416:9)
    at async switchAvatarNow (http://localhost:5173/src/main.js?t=1783840388757:452:9)
    at async loadAvatar (http://localhost:5173/src/main.js?t=1783840388757:493:16)
[2026-07-12 12:44:30] INFO     ui.runtime:1316: [VRM] Avatar switch error -> ReferenceError: playIdle is not defined
    at Object.onStateChange (http://localhost:5173/src/animation-manager.js?t=1783840388757:503:21)
    at applyEmotionTarget (http://localhost:5173/src/main.js?t=1783840388757:102:17)
    at attachVRM (http://localhost:5173/src/main.js?t=1783840388757:396:5)
    at restorePreviousAvatar (http://localhost:5173/src/main.js?t=1783840388757:416:9)
    at async switchAvatarNow (http://localhost:5173/src/main.js?t=1783840388757:452:9)
    at async loadAvatar (http://localhost:5173/src/main.js?t=1783840388757:493:16)
[2026-07-12 12:44:30] INFO     ui.runtime:1316: [VRM] Avatar switch error -> ReferenceError: playIdle is not defined
    at Object.onStateChange (http://localhost:5173/src/animation-manager.js?t=1783840388757:503:21)
    at applyEmotionTarget (http://localhost:5173/src/main.js?t=1783840388757:102:17)
    at attachVRM (http://localhost:5173/src/main.js?t=1783840388757:396:5)
    at restorePreviousAvatar (http://localhost:5173/src/main.js?t=1783840388757:416:9)
    at async switchAvatarNow (http://localhost:5173/src/main.js?t=1783840388757:452:9)
    at async loadAvatar (http://localhost:5173/src/main.js?t=1783840388757:493:16)
[2026-07-12 12:44:31] INFO     ui.runtime:1316: [VRM] Avatar switch error -> ReferenceError: playIdle is not defined
    at Object.onStateChange (http://localhost:5173/src/animation-manager.js?t=1783840388757:503:21)
    at applyEmotionTarget (http://localhost:5173/src/main.js?t=1783840388757:102:17)
    at attachVRM (http://localhost:5173/src/main.js?t=1783840388757:396:5)
    at restorePreviousAvatar (http://localhost:5173/src/main.js?t=1783840388757:416:9)
    at async switchAvatarNow (http://localhost:5173/src/main.js?t=1783840388757:452:9)
    at async loadAvatar (http://localhost:5173/src/main.js?t=1783840388757:493:16)
[2026-07-12 12:44:31] INFO     ui.runtime:1316: [VRM] Avatar switch error -> ReferenceError: playIdle is not defined
    at Object.onStateChange (http://localhost:5173/src/animation-manager.js?t=1783840388757:503:21)
    at applyEmotionTarget (http://localhost:5173/src/main.js?t=1783840388757:102:17)
    at attachVRM (http://localhost:5173/src/main.js?t=1783840388757:396:5)
    at restorePreviousAvatar (http://localhost:5173/src/main.js?t=1783840388757:416:9)
    at async switchAvatarNow (http://localhost:5173/src/main.js?t=1783840388757:452:9)
    at async loadAvatar (http://localhost:5173/src/main.js?t=1783840388757:493:16)
[2026-07-12 12:44:31] INFO     ui.runtime:1316: SYS: JARVIS online.
[2026-07-12 12:44:31] INFO     ui.runtime:1316: [VRM] Avatar switch error -> ReferenceError: playIdle is not defined
    at Object.onStateChange (http://localhost:5173/src/animation-manager.js?t=1783840388757:503:21)
    at applyEmotionTarget (http://localhost:5173/src/main.js?t=1783840388757:102:17)
    at attachVRM (http://localhost:5173/src/main.js?t=1783840388757:396:5)
    at restorePreviousAvatar (http://localhost:5173/src/main.js?t=1783840388757:416:9)
    at async switchAvatarNow (http://localhost:5173/src/main.js?t=1783840388757:452:9)
    at async loadAvatar (http://localhost:5173/src/main.js?t=1783840388757:493:16)
[2026-07-12 12:44:31] INFO     ui.runtime:1316: [VRM] Waiting for Avatar Ready -> Hinata.vrm; diagnostics={'currentAvatarFile': 'Chidvi.vrm', 'hasActiveVRM': True, 'hasMixer': True, 'avatarSwitchInProgress': False, 'queuedAvatarFile': None, 'avatarUpdatePaused': False, 'lastAvatarSwitchStatus': 'rollback_failed', 'lastAvatarSwitchError': 'ReferenceError: playIdle is not defined\n    at Object.onStateChange (http://localhost:5173/src/animation-manager.js?t=1783840388757:503:21)\n    at applyEmotionTarget (http://localhost:5173/src/main.js?t=1783840388757:102:17)\n    at attachVRM (http://localhost:5173/src/main.js?t=1783840388757:396:5)\n    at restorePreviousAvatar (http://localhost:5173/src/main.js?t=1783840388757:416:9)\n    at async switchAvatarNow (http://localhost:5173/src/main.js?t=1783840388757:452:9)\n    at async loadAvatar (http://localhost:5173/src/main.js?t=1783840388757:493:16)', 'sceneChildren': 4, 'emotion': 'listening', 'activeAction': None, 'animation': {'mixerBound': True, 'fbxActive': False, 'activeName': None, 'currentState': 'listening', 'idleName': 'breathing_idle', 'idleActionAlive': True, 'hasCurrentAction': False, 'queueLength': 0, 'queue': [], 'cachedClips': 7, 'cachedClipNames': ['wave', 'idle', 'thinking', 'talking', 'breathing_idle', 'secret', 'talking2'], 'pendingFade': False, 'blendProgress': 1, 'availableGestures': ['wave', 'wave2', 'salute', 'bow', 'clap', 'point', 'shrug', 'nod', 'shake_head', 'jump'], 'availableEmotions': ['happy', 'sad', 'thinking', 'excited', 'embarrassed', 'angry', 'laughing'], 'currentProfile': 'HINATA'}}
[2026-07-12 12:44:32] INFO     ui.runtime:1316: [VRM] Avatar switch error -> ReferenceError: playIdle is not defined
    at Object.onStateChange (http://localhost:5173/src/animation-manager.js?t=1783840388757:503:21)
    at applyEmotionTarget (http://localhost:5173/src/main.js?t=1783840388757:102:17)
    at attachVRM (http://localhost:5173/src/main.js?t=1783840388757:396:5)
    at restorePreviousAvatar (http://localhost:5173/src/main.js?t=1783840388757:416:9)
    at async switchAvatarNow (http://localhost:5173/src/main.js?t=1783840388757:452:9)
    at async loadAvatar (http://localhost:5173/src/main.js?t=1783840388757:493:16)
[2026-07-12 12:44:32] INFO     ui.runtime:1316: [VRM] Avatar switch error -> ReferenceError: playIdle is not defined
    at Object.onStateChange (http://localhost:5173/src/animation-manager.js?t=1783840388757:503:21)
    at applyEmotionTarget (http://localhost:5173/src/main.js?t=1783840388757:102:17)
    at attachVRM (http://localhost:5173/src/main.js?t=1783840388757:396:5)
    at restorePreviousAvatar (http://localhost:5173/src/main.js?t=1783840388757:416:9)
    at async switchAvatarNow (http://localhost:5173/src/main.js?t=1783840388757:452:9)
    at async loadAvatar (http://localhost:5173/src/main.js?t=1783840388757:493:16)
[2026-07-12 12:44:32] INFO     ui.runtime:1316: [VRM] Avatar switch error -> ReferenceError: playIdle is not defined
    at Object.onStateChange (http://localhost:5173/src/animation-manager.js?t=1783840388757:503:21)
    at applyEmotionTarget (http://localhost:5173/src/main.js?t=1783840388757:102:17)
    at attachVRM (http://localhost:5173/src/main.js?t=1783840388757:396:5)
    at restorePreviousAvatar (http://localhost:5173/src/main.js?t=1783840388757:416:9)
    at async switchAvatarNow (http://localhost:5173/src/main.js?t=1783840388757:452:9)
    at async loadAvatar (http://localhost:5173/src/main.js?t=1783840388757:493:16)
[2026-07-12 12:44:32] INFO     ui.runtime:1316: [VRM] Avatar switch error -> ReferenceError: playIdle is not defined
    at Object.onStateChange (http://localhost:5173/src/animation-manager.js?t=1783840388757:503:21)
    at applyEmotionTarget (http://localhost:5173/src/main.js?t=1783840388757:102:17)
    at attachVRM (http://localhost:5173/src/main.js?t=1783840388757:396:5)
    at restorePreviousAvatar (http://localhost:5173/src/main.js?t=1783840388757:416:9)
    at async switchAvatarNow (http://localhost:5173/src/main.js?t=1783840388757:452:9)
    at async loadAvatar (http://localhost:5173/src/main.js?t=1783840388757:493:16)
[2026-07-12 12:44:33] INFO     ui.runtime:1316: [VRM] Avatar switch error -> ReferenceError: playIdle is not defined
    at Object.onStateChange (http://localhost:5173/src/animation-manager.js?t=1783840388757:503:21)
    at applyEmotionTarget (http://localhost:5173/src/main.js?t=1783840388757:102:17)
    at attachVRM (http://localhost:5173/src/main.js?t=1783840388757:396:5)
    at restorePreviousAvatar (http://localhost:5173/src/main.js?t=1783840388757:416:9)
    at async switchAvatarNow (http://localhost:5173/src/main.js?t=1783840388757:452:9)
    at async loadAvatar (http://localhost:5173/src/main.js?t=1783840388757:493:16)
[2026-07-12 12:44:33] INFO     ui.runtime:1316: [VRM] Avatar switch error -> ReferenceError: playIdle is not defined
    at Object.onStateChange (http://localhost:5173/src/animation-manager.js?t=1783840388757:503:21)
    at applyEmotionTarget (http://localhost:5173/src/main.js?t=1783840388757:102:17)
    at attachVRM (http://localhost:5173/src/main.js?t=1783840388757:396:5)
    at restorePreviousAvatar (http://localhost:5173/src/main.js?t=1783840388757:416:9)
    at async switchAvatarNow (http://localhost:5173/src/main.js?t=1783840388757:452:9)
    at async loadAvatar (http://localhost:5173/src/main.js?t=1783840388757:493:16)
[2026-07-12 12:44:33] INFO     ui.runtime:1316: [VRM] Avatar switch error -> ReferenceError: playIdle is not defined
    at Object.onStateChange (http://localhost:5173/src/animation-manager.js?t=1783840388757:503:21)
    at applyEmotionTarget (http://localhost:5173/src/main.js?t=1783840388757:102:17)
    at attachVRM (http://localhost:5173/src/main.js?t=1783840388757:396:5)
    at restorePreviousAvatar (http://localhost:5173/src/main.js?t=1783840388757:416:9)
    at async switchAvatarNow (http://localhost:5173/src/main.js?t=1783840388757:452:9)
    at async loadAvatar (http://localhost:5173/src/main.js?t=1783840388757:493:16)
[2026-07-12 12:44:33] INFO     ui.runtime:1316: [VRM] Avatar switch error -> ReferenceError: playIdle is not defined
    at Object.onStateChange (http://localhost:5173/src/animation-manager.js?t=1783840388757:503:21)
    at applyEmotionTarget (http://localhost:5173/src/main.js?t=1783840388757:102:17)
    at attachVRM (http://localhost:5173/src/main.js?t=1783840388757:396:5)
    at restorePreviousAvatar (http://localhost:5173/src/main.js?t=1783840388757:416:9)
    at async switchAvatarNow (http://localhost:5173/src/main.js?t=1783840388757:452:9)
    at async loadAvatar (http://localhost:5173/src/main.js?t=1783840388757:493:16)
[2026-07-12 12:44:34] INFO     ui.runtime:1316: [VRM] Avatar switch error -> ReferenceError: playIdle is not defined
    at Object.onStateChange (http://localhost:5173/src/animation-manager.js?t=1783840388757:503:21)
    at applyEmotionTarget (http://localhost:5173/src/main.js?t=1783840388757:102:17)
    at attachVRM (http://localhost:5173/src/main.js?t=1783840388757:396:5)
    at restorePreviousAvatar (http://localhost:5173/src/main.js?t=1783840388757:416:9)
    at async switchAvatarNow (http://localhost:5173/src/main.js?t=1783840388757:452:9)
    at async loadAvatar (http://localhost:5173/src/main.js?t=1783840388757:493:16)
[2026-07-12 12:44:34] INFO     ui.runtime:1316: [VRM] Avatar switch error -> ReferenceError: playIdle is not defined
    at Object.onStateChange (http://localhost:5173/src/animation-manager.js?t=1783840388757:503:21)
    at applyEmotionTarget (http://localhost:5173/src/main.js?t=1783840388757:102:17)
    at attachVRM (http://localhost:5173/src/main.js?t=1783840388757:396:5)
    at restorePreviousAvatar (http://localhost:5173/src/main.js?t=1783840388757:416:9)
    at async switchAvatarNow (http://localhost:5173/src/main.js?t=1783840388757:452:9)
    at async loadAvatar (http://localhost:5173/src/main.js?t=1783840388757:493:16)
[2026-07-12 12:44:34] INFO     ui.runtime:1316: [VRM] Avatar switch error -> ReferenceError: playIdle is not defined
    at Object.onStateChange (http://localhost:5173/src/animation-manager.js?t=1783840388757:503:21)
    at applyEmotionTarget (http://localhost:5173/src/main.js?t=1783840388757:102:17)
    at attachVRM (http://localhost:5173/src/main.js?t=1783840388757:396:5)
    at restorePreviousAvatar (http://localhost:5173/src/main.js?t=1783840388757:416:9)
    at async switchAvatarNow (http://localhost:5173/src/main.js?t=1783840388757:452:9)
    at async loadAvatar (http://localhost:5173/src/main.js?t=1783840388757:493:16)
[2026-07-12 12:44:34] INFO     ui.runtime:1316: [VRM] Avatar switch error -> ReferenceError: playIdle is not defined
    at Object.onStateChange (http://localhost:5173/src/animation-manager.js?t=1783840388757:503:21)
    at applyEmotionTarget (http://localhost:5173/src/main.js?t=1783840388757:102:17)
    at attachVRM (http://localhost:5173/src/main.js?t=1783840388757:396:5)
    at restorePreviousAvatar (http://localhost:5173/src/main.js?t=1783840388757:416:9)
    at async switchAvatarNow (http://localhost:5173/src/main.js?t=1783840388757:452:9)
    at async loadAvatar (http://localhost:5173/src/main.js?t=1783840388757:493:16)
[2026-07-12 12:44:34] INFO     ui.runtime:1316: [VRM] Waiting for Avatar Ready -> Hinata.vrm; diagnostics={'currentAvatarFile': 'Chidvi.vrm', 'hasActiveVRM': True, 'hasMixer': True, 'avatarSwitchInProgress': False, 'queuedAvatarFile': None, 'avatarUpdatePaused': False, 'lastAvatarSwitchStatus': 'rollback_failed', 'lastAvatarSwitchError': 'ReferenceError: playIdle is not defined\n    at Object.onStateChange (http://localhost:5173/src/animation-manager.js?t=1783840388757:503:21)\n    at applyEmotionTarget (http://localhost:5173/src/main.js?t=1783840388757:102:17)\n    at attachVRM (http://localhost:5173/src/main.js?t=1783840388757:396:5)\n    at restorePreviousAvatar (http://localhost:5173/src/main.js?t=1783840388757:416:9)\n    at async switchAvatarNow (http://localhost:5173/src/main.js?t=1783840388757:452:9)\n    at async loadAvatar (http://localhost:5173/src/main.js?t=1783840388757:493:16)', 'sceneChildren': 4, 'emotion': 'listening', 'activeAction': None, 'animation': {'mixerBound': True, 'fbxActive': False, 'activeName': None, 'currentState': 'listening', 'idleName': 'breathing_idle', 'idleActionAlive': True, 'hasCurrentAction': False, 'queueLength': 0, 'queue': [], 'cachedClips': 7, 'cachedClipNames': ['wave', 'idle', 'thinking', 'talking', 'breathing_idle', 'secret', 'talking2'], 'pendingFade': False, 'blendProgress': 1, 'availableGestures': ['wave', 'wave2', 'salute', 'bow', 'clap', 'point', 'shrug', 'nod', 'shake_head', 'jump'], 'availableEmotions': ['happy', 'sad', 'thinking', 'excited', 'embarrassed', 'angry', 'laughing'], 'currentProfile': 'HINATA'}}
[2026-07-12 12:44:35] INFO     ui.runtime:1316: [VRM] Avatar switch error -> ReferenceError: playIdle is not defined
    at Object.onStateChange (http://localhost:5173/src/animation-manager.js?t=1783840388757:503:21)
    at applyEmotionTarget (http://localhost:5173/src/main.js?t=1783840388757:102:17)
    at attachVRM (http://localhost:5173/src/main.js?t=1783840388757:396:5)
    at restorePreviousAvatar (http://localhost:5173/src/main.js?t=1783840388757:416:9)
    at async switchAvatarNow (http://localhost:5173/src/main.js?t=1783840388757:452:9)
    at async loadAvatar (http://localhost:5173/src/main.js?t=1783840388757:493:16)
[2026-07-12 12:44:35] INFO     ui.runtime:1316: [VRM] Avatar switch error -> ReferenceError: playIdle is not defined
    at Object.onStateChange (http://localhost:5173/src/animation-manager.js?t=1783840388757:503:21)
    at applyEmotionTarget (http://localhost:5173/src/main.js?t=1783840388757:102:17)
    at attachVRM (http://localhost:5173/src/main.js?t=1783840388757:396:5)
    at restorePreviousAvatar (http://localhost:5173/src/main.js?t=1783840388757:416:9)
    at async switchAvatarNow (http://localhost:5173/src/main.js?t=1783840388757:452:9)
    at async loadAvatar (http://localhost:5173/src/main.js?t=1783840388757:493:16)
[2026-07-12 12:44:35] INFO     ui.runtime:1316: [VRM] Avatar switch error -> ReferenceError: playIdle is not defined
    at Object.onStateChange (http://localhost:5173/src/animation-manager.js?t=1783840388757:503:21)
    at applyEmotionTarget (http://localhost:5173/src/main.js?t=1783840388757:102:17)
    at attachVRM (http://localhost:5173/src/main.js?t=1783840388757:396:5)
    at restorePreviousAvatar (http://localhost:5173/src/main.js?t=1783840388757:416:9)
    at async switchAvatarNow (http://localhost:5173/src/main.js?t=1783840388757:452:9)
    at async loadAvatar (http://localhost:5173/src/main.js?t=1783840388757:493:16)
[2026-07-12 12:44:35] INFO     ui.runtime:1316: [VRM] Avatar switch error -> ReferenceError: playIdle is not defined
    at Object.onStateChange (http://localhost:5173/src/animation-manager.js?t=1783840388757:503:21)
    at applyEmotionTarget (http://localhost:5173/src/main.js?t=1783840388757:102:17)
    at attachVRM (http://localhost:5173/src/main.js?t=1783840388757:396:5)
    at restorePreviousAvatar (http://localhost:5173/src/main.js?t=1783840388757:416:9)
    at async switchAvatarNow (http://localhost:5173/src/main.js?t=1783840388757:452:9)
    at async loadAvatar (http://localhost:5173/src/main.js?t=1783840388757:493:16)
[2026-07-12 12:44:36] INFO     ui.runtime:1316: [VRM] Avatar switch error -> ReferenceError: playIdle is not defined
    at Object.onStateChange (http://localhost:5173/src/animation-manager.js?t=1783840388757:503:21)
    at applyEmotionTarget (http://localhost:5173/src/main.js?t=1783840388757:102:17)
    at attachVRM (http://localhost:5173/src/main.js?t=1783840388757:396:5)
    at restorePreviousAvatar (http://localhost:5173/src/main.js?t=1783840388757:416:9)
    at async switchAvatarNow (http://localhost:5173/src/main.js?t=1783840388757:452:9)
    at async loadAvatar (http://localhost:5173/src/main.js?t=1783840388757:493:16)
[2026-07-12 12:44:36] INFO     ui.runtime:1316: [VRM] Avatar switch error -> ReferenceError: playIdle is not defined
    at Object.onStateChange (http://localhost:5173/src/animation-manager.js?t=1783840388757:503:21)
    at applyEmotionTarget (http://localhost:5173/src/main.js?t=1783840388757:102:17)
    at attachVRM (http://localhost:5173/src/main.js?t=1783840388757:396:5)
    at restorePreviousAvatar (http://localhost:5173/src/main.js?t=1783840388757:416:9)
    at async switchAvatarNow (http://localhost:5173/src/main.js?t=1783840388757:452:9)
    at async loadAvatar (http://localhost:5173/src/main.js?t=1783840388757:493:16)
[2026-07-12 12:44:36] INFO     ui.runtime:1316: [VRM] Avatar switch error -> ReferenceError: playIdle is not defined
    at Object.onStateChange (http://localhost:5173/src/animation-manager.js?t=1783840388757:503:21)
    at applyEmotionTarget (http://localhost:5173/src/main.js?t=1783840388757:102:17)
    at attachVRM (http://localhost:5173/src/main.js?t=1783840388757:396:5)
    at restorePreviousAvatar (http://localhost:5173/src/main.js?t=1783840388757:416:9)
    at async switchAvatarNow (http://localhost:5173/src/main.js?t=1783840388757:452:9)
    at async loadAvatar (http://localhost:5173/src/main.js?t=1783840388757:493:16)
[2026-07-12 12:44:36] INFO     ui.runtime:1316: [VRM] Avatar switch error -> ReferenceError: playIdle is not defined
    at Object.onStateChange (http://localhost:5173/src/animation-manager.js?t=1783840388757:503:21)
    at applyEmotionTarget (http://localhost:5173/src/main.js?t=1783840388757:102:17)
    at attachVRM (http://localhost:5173/src/main.js?t=1783840388757:396:5)
    at restorePreviousAvatar (http://localhost:5173/src/main.js?t=1783840388757:416:9)
    at async switchAvatarNow (http://localhost:5173/src/main.js?t=1783840388757:452:9)
    at async loadAvatar (http://localhost:5173/src/main.js?t=1783840388757:493:16)
[2026-07-12 12:44:37] INFO     ui.runtime:1316: [VRM] Avatar switch error -> ReferenceError: playIdle is not defined
    at Object.onStateChange (http://localhost:5173/src/animation-manager.js?t=1783840388757:503:21)
    at applyEmotionTarget (http://localhost:5173/src/main.js?t=1783840388757:102:17)
    at attachVRM (http://localhost:5173/src/main.js?t=1783840388757:396:5)
    at restorePreviousAvatar (http://localhost:5173/src/main.js?t=1783840388757:416:9)
    at async switchAvatarNow (http://localhost:5173/src/main.js?t=1783840388757:452:9)
    at async loadAvatar (http://localhost:5173/src/main.js?t=1783840388757:493:16)
[2026-07-12 12:44:37] INFO     ui.runtime:1316: [VRM] Avatar switch error -> ReferenceError: playIdle is not defined
    at Object.onStateChange (http://localhost:5173/src/animation-manager.js?t=1783840388757:503:21)
    at applyEmotionTarget (http://localhost:5173/src/main.js?t=1783840388757:102:17)
    at attachVRM (http://localhost:5173/src/main.js?t=1783840388757:396:5)
    at restorePreviousAvatar (http://localhost:5173/src/main.js?t=1783840388757:416:9)
    at async switchAvatarNow (http://localhost:5173/src/main.js?t=1783840388757:452:9)
    at async loadAvatar (http://localhost:5173/src/main.js?t=1783840388757:493:16)
[2026-07-12 12:44:37] INFO     ui.runtime:1316: [VRM] Avatar switch error -> ReferenceError: playIdle is not defined
    at Object.onStateChange (http://localhost:5173/src/animation-manager.js?t=1783840388757:503:21)
    at applyEmotionTarget (http://localhost:5173/src/main.js?t=1783840388757:102:17)
    at attachVRM (http://localhost:5173/src/main.js?t=1783840388757:396:5)
    at restorePreviousAvatar (http://localhost:5173/src/main.js?t=1783840388757:416:9)
    at async switchAvatarNow (http://localhost:5173/src/main.js?t=1783840388757:452:9)
    at async loadAvatar (http://localhost:5173/src/main.js?t=1783840388757:493:16)
[2026-07-12 12:44:37] INFO     ui.runtime:1316: [VRM] Avatar switch error -> ReferenceError: playIdle is not defined
    at Object.onStateChange (http://localhost:5173/src/animation-manager.js?t=1783840388757:503:21)
    at applyEmotionTarget (http://localhost:5173/src/main.js?t=1783840388757:102:17)
    at attachVRM (http://localhost:5173/src/main.js?t=1783840388757:396:5)
    at restorePreviousAvatar (http://localhost:5173/src/main.js?t=1783840388757:416:9)
    at async switchAvatarNow (http://localhost:5173/src/main.js?t=1783840388757:452:9)
    at async loadAvatar (http://localhost:5173/src/main.js?t=1783840388757:493:16)
[2026-07-12 12:44:38] INFO     ui.runtime:1316: [VRM] Avatar switch error -> ReferenceError: playIdle is not defined
    at Object.onStateChange (http://localhost:5173/src/animation-manager.js?t=1783840388757:503:21)
    at applyEmotionTarget (http://localhost:5173/src/main.js?t=1783840388757:102:17)
    at attachVRM (http://localhost:5173/src/main.js?t=1783840388757:396:5)
    at restorePreviousAvatar (http://localhost:5173/src/main.js?t=1783840388757:416:9)
    at async switchAvatarNow (http://localhost:5173/src/main.js?t=1783840388757:452:9)
    at async loadAvatar (http://localhost:5173/src/main.js?t=1783840388757:493:16)
[2026-07-12 12:44:38] INFO     ui.runtime:1316: [VRM] Avatar switch error -> ReferenceError: playIdle is not defined
    at Object.onStateChange (http://localhost:5173/src/animation-manager.js?t=1783840388757:503:21)
    at applyEmotionTarget (http://localhost:5173/src/main.js?t=1783840388757:102:17)
    at attachVRM (http://localhost:5173/src/main.js?t=1783840388757:396:5)
    at restorePreviousAvatar (http://localhost:5173/src/main.js?t=1783840388757:416:9)
    at async switchAvatarNow (http://localhost:5173/src/main.js?t=1783840388757:452:9)
    at async loadAvatar (http://localhost:5173/src/main.js?t=1783840388757:493:16)
[2026-07-12 12:44:38] INFO     ui.runtime:1316: [VRM] Avatar switch error -> ReferenceError: playIdle is not defined
    at Object.onStateChange (http://localhost:5173/src/animation-manager.js?t=1783840388757:503:21)
    at applyEmotionTarget (http://localhost:5173/src/main.js?t=1783840388757:102:17)
    at attachVRM (http://localhost:5173/src/main.js?t=1783840388757:396:5)
    at restorePreviousAvatar (http://localhost:5173/src/main.js?t=1783840388757:416:9)
    at async switchAvatarNow (http://localhost:5173/src/main.js?t=1783840388757:452:9)
    at async loadAvatar (http://localhost:5173/src/main.js?t=1783840388757:493:16)
[2026-07-12 12:44:39] INFO     ui.runtime:1316: [VRM] Avatar switch error -> ReferenceError: playIdle is not defined
    at Object.onStateChange (http://localhost:5173/src/animation-manager.js?t=1783840388757:503:21)
    at applyEmotionTarget (http://localhost:5173/src/main.js?t=1783840388757:102:17)
    at attachVRM (http://localhost:5173/src/main.js?t=1783840388757:396:5)
    at restorePreviousAvatar (http://localhost:5173/src/main.js?t=1783840388757:416:9)
    at async switchAvatarNow (http://localhost:5173/src/main.js?t=1783840388757:452:9)
    at async loadAvatar (http://localhost:5173/src/main.js?t=1783840388757:493:16)
[2026-07-12 12:44:39] INFO     ui.runtime:1316: [VRM] Waiting for Avatar Ready -> Hinata.vrm; diagnostics={'currentAvatarFile': 'Chidvi.vrm', 'hasActiveVRM': True, 'hasMixer': True, 'avatarSwitchInProgress': False, 'queuedAvatarFile': None, 'avatarUpdatePaused': False, 'lastAvatarSwitchStatus': 'rollback_failed', 'lastAvatarSwitchError': 'ReferenceError: playIdle is not defined\n    at Object.onStateChange (http://localhost:5173/src/animation-manager.js?t=1783840388757:503:21)\n    at applyEmotionTarget (http://localhost:5173/src/main.js?t=1783840388757:102:17)\n    at attachVRM (http://localhost:5173/src/main.js?t=1783840388757:396:5)\n    at restorePreviousAvatar (http://localhost:5173/src/main.js?t=1783840388757:416:9)\n    at async switchAvatarNow (http://localhost:5173/src/main.js?t=1783840388757:452:9)\n    at async loadAvatar (http://localhost:5173/src/main.js?t=1783840388757:493:16)', 'sceneChildren': 4, 'emotion': 'listening', 'activeAction': None, 'animation': {'mixerBound': True, 'fbxActive': False, 'activeName': None, 'currentState': 'listening', 'idleName': 'breathing_idle', 'idleActionAlive': True, 'hasCurrentAction': False, 'queueLength': 0, 'queue': [], 'cachedClips': 7, 'cachedClipNames': ['wave', 'idle', 'thinking', 'talking', 'breathing_idle', 'secret', 'talking2'], 'pendingFade': False, 'blendProgress': 1, 'availableGestures': ['wave', 'wave2', 'salute', 'bow', 'clap', 'point', 'shrug', 'nod', 'shake_head', 'jump'], 'availableEmotions': ['happy', 'sad', 'thinking', 'excited', 'embarrassed', 'angry', 'laughing'], 'currentProfile': 'HINATA'}}
[2026-07-12 12:44:39] INFO     ui.runtime:1316: [VRM] Avatar switch error -> ReferenceError: playIdle is not defined
    at Object.onStateChange (http://localhost:5173/src/animation-manager.js?t=1783840388757:503:21)
    at applyEmotionTarget (http://localhost:5173/src/main.js?t=1783840388757:102:17)
    at attachVRM (http://localhost:5173/src/main.js?t=1783840388757:396:5)
    at restorePreviousAvatar (http://localhost:5173/src/main.js?t=1783840388757:416:9)
    at async switchAvatarNow (http://localhost:5173/src/main.js?t=1783840388757:452:9)
    at async loadAvatar (http://localhost:5173/src/main.js?t=1783840388757:493:16)
[2026-07-12 12:44:39] INFO     ui.runtime:1316: [VRM] Avatar switch error -> ReferenceError: playIdle is not defined
    at Object.onStateChange (http://localhost:5173/src/animation-manager.js?t=1783840388757:503:21)
    at applyEmotionTarget (http://localhost:5173/src/main.js?t=1783840388757:102:17)
    at attachVRM (http://localhost:5173/src/main.js?t=1783840388757:396:5)
    at restorePreviousAvatar (http://localhost:5173/src/main.js?t=1783840388757:416:9)
    at async switchAvatarNow (http://localhost:5173/src/main.js?t=1783840388757:452:9)
    at async loadAvatar (http://localhost:5173/src/main.js?t=1783840388757:493:16)
[2026-07-12 12:44:39] INFO     ui.runtime:1316: [VRM] Avatar switch error -> ReferenceError: playIdle is not defined
    at Object.onStateChange (http://localhost:5173/src/animation-manager.js?t=1783840388757:503:21)
    at applyEmotionTarget (http://localhost:5173/src/main.js?t=1783840388757:102:17)
    at attachVRM (http://localhost:5173/src/main.js?t=1783840388757:396:5)
    at restorePreviousAvatar (http://localhost:5173/src/main.js?t=1783840388757:416:9)
    at async switchAvatarNow (http://localhost:5173/src/main.js?t=1783840388757:452:9)
    at async loadAvatar (http://localhost:5173/src/main.js?t=1783840388757:493:16)
[2026-07-12 12:44:40] INFO     ui.runtime:1316: [VRM] Avatar switch error -> ReferenceError: playIdle is not defined
    at Object.onStateChange (http://localhost:5173/src/animation-manager.js?t=1783840388757:503:21)
    at applyEmotionTarget (http://localhost:5173/src/main.js?t=1783840388757:102:17)
    at attachVRM (http://localhost:5173/src/main.js?t=1783840388757:396:5)
    at restorePreviousAvatar (http://localhost:5173/src/main.js?t=1783840388757:416:9)
    at async switchAvatarNow (http://localhost:5173/src/main.js?t=1783840388757:452:9)
    at async loadAvatar (http://localhost:5173/src/main.js?t=1783840388757:493:16)
[2026-07-12 12:44:40] INFO     ui.runtime:1316: [VRM] Avatar switch error -> ReferenceError: playIdle is not defined
    at Object.onStateChange (http://localhost:5173/src/animation-manager.js?t=1783840388757:503:21)
    at applyEmotionTarget (http://localhost:5173/src/main.js?t=1783840388757:102:17)
    at attachVRM (http://localhost:5173/src/main.js?t=1783840388757:396:5)
    at restorePreviousAvatar (http://localhost:5173/src/main.js?t=1783840388757:416:9)
    at async switchAvatarNow (http://localhost:5173/src/main.js?t=1783840388757:452:9)
    at async loadAvatar (http://localhost:5173/src/main.js?t=1783840388757:493:16)
[2026-07-12 12:44:40] INFO     ui.runtime:1316: [VRM] Avatar switch error -> ReferenceError: playIdle is not defined
    at Object.onStateChange (http://localhost:5173/src/animation-manager.js?t=1783840388757:503:21)
    at applyEmotionTarget (http://localhost:5173/src/main.js?t=1783840388757:102:17)
    at attachVRM (http://localhost:5173/src/main.js?t=1783840388757:396:5)
    at restorePreviousAvatar (http://localhost:5173/src/main.js?t=1783840388757:416:9)
    at async switchAvatarNow (http://localhost:5173/src/main.js?t=1783840388757:452:9)
    at async loadAvatar (http://localhost:5173/src/main.js?t=1783840388757:493:16)
[2026-07-12 12:44:40] INFO     ui.runtime:1316: [VRM] Avatar switch error -> ReferenceError: playIdle is not defined
    at Object.onStateChange (http://localhost:5173/src/animation-manager.js?t=1783840388757:503:21)
    at applyEmotionTarget (http://localhost:5173/src/main.js?t=1783840388757:102:17)
    at attachVRM (http://localhost:5173/src/main.js?t=1783840388757:396:5)
    at restorePreviousAvatar (http://localhost:5173/src/main.js?t=1783840388757:416:9)
    at async switchAvatarNow (http://localhost:5173/src/main.js?t=1783840388757:452:9)
    at async loadAvatar (http://localhost:5173/src/main.js?t=1783840388757:493:16)
[2026-07-12 12:44:41] INFO     ui.runtime:1316: [VRM] Avatar switch error -> ReferenceError: playIdle is not defined
    at Object.onStateChange (http://localhost:5173/src/animation-manager.js?t=1783840388757:503:21)
    at applyEmotionTarget (http://localhost:5173/src/main.js?t=1783840388757:102:17)
    at attachVRM (http://localhost:5173/src/main.js?t=1783840388757:396:5)
    at restorePreviousAvatar (http://localhost:5173/src/main.js?t=1783840388757:416:9)
    at async switchAvatarNow (http://localhost:5173/src/main.js?t=1783840388757:452:9)
    at async loadAvatar (http://localhost:5173/src/main.js?t=1783840388757:493:16)
[2026-07-12 12:44:41] INFO     ui.runtime:1316: [VRM] Avatar switch error -> ReferenceError: playIdle is not defined
    at Object.onStateChange (http://localhost:5173/src/animation-manager.js?t=1783840388757:503:21)
    at applyEmotionTarget (http://localhost:5173/src/main.js?t=1783840388757:102:17)
    at attachVRM (http://localhost:5173/src/main.js?t=1783840388757:396:5)
    at restorePreviousAvatar (http://localhost:5173/src/main.js?t=1783840388757:416:9)
    at async switchAvatarNow (http://localhost:5173/src/main.js?t=1783840388757:452:9)
    at async loadAvatar (http://localhost:5173/src/main.js?t=1783840388757:493:16)
[2026-07-12 12:44:41] INFO     ui.runtime:1316: [VRM] Avatar switch error -> ReferenceError: playIdle is not defined
    at Object.onStateChange (http://localhost:5173/src/animation-manager.js?t=1783840388757:503:21)
    at applyEmotionTarget (http://localhost:5173/src/main.js?t=1783840388757:102:17)
    at attachVRM (http://localhost:5173/src/main.js?t=1783840388757:396:5)
    at restorePreviousAvatar (http://localhost:5173/src/main.js?t=1783840388757:416:9)
    at async switchAvatarNow (http://localhost:5173/src/main.js?t=1783840388757:452:9)
    at async loadAvatar (http://localhost:5173/src/main.js?t=1783840388757:493:16)
[2026-07-12 12:44:41] INFO     ui.runtime:1316: [VRM] Avatar switch error -> ReferenceError: playIdle is not defined
    at Object.onStateChange (http://localhost:5173/src/animation-manager.js?t=1783840388757:503:21)
    at applyEmotionTarget (http://localhost:5173/src/main.js?t=1783840388757:102:17)
    at attachVRM (http://localhost:5173/src/main.js?t=1783840388757:396:5)
    at restorePreviousAvatar (http://localhost:5173/src/main.js?t=1783840388757:416:9)
    at async switchAvatarNow (http://localhost:5173/src/main.js?t=1783840388757:452:9)
    at async loadAvatar (http://localhost:5173/src/main.js?t=1783840388757:493:16)
[2026-07-12 12:44:42] INFO     ui.runtime:1316: [VRM] Avatar switch error -> ReferenceError: playIdle is not defined
    at Object.onStateChange (http://localhost:5173/src/animation-manager.js?t=1783840388757:503:21)
    at applyEmotionTarget (http://localhost:5173/src/main.js?t=1783840388757:102:17)
    at attachVRM (http://localhost:5173/src/main.js?t=1783840388757:396:5)
    at restorePreviousAvatar (http://localhost:5173/src/main.js?t=1783840388757:416:9)
    at async switchAvatarNow (http://localhost:5173/src/main.js?t=1783840388757:452:9)
    at async loadAvatar (http://localhost:5173/src/main.js?t=1783840388757:493:16)
[2026-07-12 12:44:42] INFO     ui.runtime:1316: [VRM] Avatar switch error -> ReferenceError: playIdle is not defined
    at Object.onStateChange (http://localhost:5173/src/animation-manager.js?t=1783840388757:503:21)
    at applyEmotionTarget (http://localhost:5173/src/main.js?t=1783840388757:102:17)
    at attachVRM (http://localhost:5173/src/main.js?t=1783840388757:396:5)
    at restorePreviousAvatar (http://localhost:5173/src/main.js?t=1783840388757:416:9)
    at async switchAvatarNow (http://localhost:5173/src/main.js?t=1783840388757:452:9)
    at async loadAvatar (http://localhost:5173/src/main.js?t=1783840388757:493:16)
[2026-07-12 12:44:42] INFO     ui.runtime:1316: [VRM] Avatar switch error -> ReferenceError: playIdle is not defined
    at Object.onStateChange (http://localhost:5173/src/animation-manager.js?t=1783840388757:503:21)
    at applyEmotionTarget (http://localhost:5173/src/main.js?t=1783840388757:102:17)
    at attachVRM (http://localhost:5173/src/main.js?t=1783840388757:396:5)
    at restorePreviousAvatar (http://localhost:5173/src/main.js?t=1783840388757:416:9)
    at async switchAvatarNow (http://localhost:5173/src/main.js?t=1783840388757:452:9)
    at async loadAvatar (http://localhost:5173/src/main.js?t=1783840388757:493:16)
[2026-07-12 12:44:42] INFO     ui.runtime:1316: [VRM] Avatar switch error -> ReferenceError: playIdle is not defined
    at Object.onStateChange (http://localhost:5173/src/animation-manager.js?t=1783840388757:503:21)
    at applyEmotionTarget (http://localhost:5173/src/main.js?t=1783840388757:102:17)
    at attachVRM (http://localhost:5173/src/main.js?t=1783840388757:396:5)
    at restorePreviousAvatar (http://localhost:5173/src/main.js?t=1783840388757:416:9)
    at async switchAvatarNow (http://localhost:5173/src/main.js?t=1783840388757:452:9)
    at async loadAvatar (http://localhost:5173/src/main.js?t=1783840388757:493:16)
[2026-07-12 12:44:43] INFO     ui.runtime:1316: [VRM] Avatar switch error -> ReferenceError: playIdle is not defined
    at Object.onStateChange (http://localhost:5173/src/animation-manager.js?t=1783840388757:503:21)
    at applyEmotionTarget (http://localhost:5173/src/main.js?t=1783840388757:102:17)
    at attachVRM (http://localhost:5173/src/main.js?t=1783840388757:396:5)
    at restorePreviousAvatar (http://localhost:5173/src/main.js?t=1783840388757:416:9)
    at async switchAvatarNow (http://localhost:5173/src/main.js?t=1783840388757:452:9)
    at async loadAvatar (http://localhost:5173/src/main.js?t=1783840388757:493:16)
[2026-07-12 12:44:43] INFO     ui.runtime:1316: [VRM] Avatar switch error -> ReferenceError: playIdle is not defined
    at Object.onStateChange (http://localhost:5173/src/animation-manager.js?t=1783840388757:503:21)
    at applyEmotionTarget (http://localhost:5173/src/main.js?t=1783840388757:102:17)
    at attachVRM (http://localhost:5173/src/main.js?t=1783840388757:396:5)
    at restorePreviousAvatar (http://localhost:5173/src/main.js?t=1783840388757:416:9)
    at async switchAvatarNow (http://localhost:5173/src/main.js?t=1783840388757:452:9)
    at async loadAvatar (http://localhost:5173/src/main.js?t=1783840388757:493:16)
[2026-07-12 12:44:43] INFO     ui.runtime:1316: [VRM] Avatar switch error -> ReferenceError: playIdle is not defined
    at Object.onStateChange (http://localhost:5173/src/animation-manager.js?t=1783840388757:503:21)
    at applyEmotionTarget (http://localhost:5173/src/main.js?t=1783840388757:102:17)
    at attachVRM (http://localhost:5173/src/main.js?t=1783840388757:396:5)
    at restorePreviousAvatar (http://localhost:5173/src/main.js?t=1783840388757:416:9)
    at async switchAvatarNow (http://localhost:5173/src/main.js?t=1783840388757:452:9)
    at async loadAvatar (http://localhost:5173/src/main.js?t=1783840388757:493:16)
[2026-07-12 12:44:43] INFO     ui.runtime:1316: [VRM] Avatar switch error -> ReferenceError: playIdle is not defined
    at Object.onStateChange (http://localhost:5173/src/animation-manager.js?t=1783840388757:503:21)
    at applyEmotionTarget (http://localhost:5173/src/main.js?t=1783840388757:102:17)
    at attachVRM (http://localhost:5173/src/main.js?t=1783840388757:396:5)
    at restorePreviousAvatar (http://localhost:5173/src/main.js?t=1783840388757:416:9)
    at async switchAvatarNow (http://localhost:5173/src/main.js?t=1783840388757:452:9)
    at async loadAvatar (http://localhost:5173/src/main.js?t=1783840388757:493:16)
[2026-07-12 12:44:44] INFO     ui.runtime:1316: [VRM] Avatar switch error -> ReferenceError: playIdle is not defined
    at Object.onStateChange (http://localhost:5173/src/animation-manager.js?t=1783840388757:503:21)
    at applyEmotionTarget (http://localhost:5173/src/main.js?t=1783840388757:102:17)
    at attachVRM (http://localhost:5173/src/main.js?t=1783840388757:396:5)
    at restorePreviousAvatar (http://localhost:5173/src/main.js?t=1783840388757:416:9)
    at async switchAvatarNow (http://localhost:5173/src/main.js?t=1783840388757:452:9)
    at async loadAvatar (http://localhost:5173/src/main.js?t=1783840388757:493:16)
[2026-07-12 12:44:44] INFO     ui.runtime:1316: [VRM] Avatar Ready timeout -> Hinata.vrm; diagnostics={'currentAvatarFile': 'Chidvi.vrm', 'hasActiveVRM': True, 'hasMixer': True, 'avatarSwitchInProgress': False, 'queuedAvatarFile': None, 'avatarUpdatePaused': False, 'lastAvatarSwitchStatus': 'rollback_failed', 'lastAvatarSwitchError': 'ReferenceError: playIdle is not defined\n    at Object.onStateChange (http://localhost:5173/src/animation-manager.js?t=1783840388757:503:21)\n    at applyEmotionTarget (http://localhost:5173/src/main.js?t=1783840388757:102:17)\n    at attachVRM (http://localhost:5173/src/main.js?t=1783840388757:396:5)\n    at restorePreviousAvatar (http://localhost:5173/src/main.js?t=1783840388757:416:9)\n    at async switchAvatarNow (http://localhost:5173/src/main.js?t=1783840388757:452:9)\n    at async loadAvatar (http://localhost:5173/src/main.js?t=1783840388757:493:16)', 'sceneChildren': 4, 'emotion': 'listening', 'activeAction': None, 'animation': {'mixerBound': True, 'fbxActive': False, 'activeName': None, 'currentState': 'listening', 'idleName': 'breathing_idle', 'idleActionAlive': True, 'hasCurrentAction': False, 'queueLength': 0, 'queue': [], 'cachedClips': 7, 'cachedClipNames': ['wave', 'idle', 'thinking', 'talking', 'breathing_idle', 'secret', 'talking2'], 'pendingFade': False, 'blendProgress': 1, 'availableGestures': ['wave', 'wave2', 'salute', 'bow', 'clap', 'point', 'shrug', 'nod', 'shake_head', 'jump'], 'availableEmotions': ['happy', 'sad', 'thinking', 'excited', 'embarrassed', 'angry', 'laughing'], 'currentProfile': 'HINATA'}}
