[2026-07-14 23:19:41] INFO     core.personality_manager:127: Personalities loaded: CHIDVI, HINATA
[2026-07-14 23:19:41] INFO     ui.runtime:1319: SYS: Renderer initial avatar -> Hinata.vrm
[2026-07-14 23:19:41] INFO     commands.router:70: Command router initialized
[2026-07-14 23:19:41] INFO     api.key_pool:128: Loaded 6 API keys
[2026-07-14 23:19:42] INFO     ui.runtime:1319: SYS: Renderer page load started.
[2026-07-14 23:19:42] INFO     ui.runtime:1319: SYS: Renderer page load finished -> True.
[2026-07-14 23:19:43] INFO     ui.runtime:1319: SYS: JARVIS online.
[2026-07-14 23:19:43] INFO     ui.runtime:1319: [MIC] Device opening
[2026-07-14 23:19:43] INFO     ui.runtime:1319: [MIC] Device opened
[2026-07-14 23:19:43] INFO     core.audio.diagnostics:73: [VOICE] Detected
[2026-07-14 23:19:53] WARNING  google_genai.types:19785: Warning: there are non-data parts in the response: ['text', 'thought'], returning concatenated data result from data parts, check out the non data parts for full response from model.
[2026-07-14 23:19:53] INFO     commands.router:310: Handling local command: personality - switch to chidvi
[2026-07-14 23:19:53] INFO     core.personality_manager:245: Switching personality to CHIDVI
[2026-07-14 23:19:53] INFO     core.personality_manager:293: Personality switched to CHIDVI
[2026-07-14 23:19:53] INFO     commands.router:332: Local command executed: switch to chidvi
[2026-07-14 23:19:53] INFO     ui.runtime:1319: SYS: Switching personality -> CHIDVI
[2026-07-14 23:19:53] INFO     ui.runtime:1319: SYS: Avatar profile -> CHIDVI uses Chidvi.vrm
[2026-07-14 23:19:53] INFO     ui.runtime:1319: SYS: Applying avatar profile -> CHIDVI / Chidvi.vrm
[2026-07-14 23:19:53] INFO     ui.runtime:1319: SYS: UI theme -> CHIDVI
[2026-07-14 23:19:53] INFO     ui.runtime:1319: SYS: Forwarding VRM switch -> Chidvi.vrm
[2026-07-14 23:19:53] INFO     ui.runtime:1319: [PERSONALITY] Avatar request sent -> Chidvi.vrm
[2026-07-14 23:19:53] INFO     ui.runtime:1319: [PERSONALITY] Waiting for renderer -> Chidvi.vrm
[2026-07-14 23:19:53] INFO     ui.runtime:1319: SYS: Animation profile -> CHIDVI
[2026-07-14 23:19:53] INFO     ui.runtime:1319: [VRM] Animation profile requested -> CHIDVI
[2026-07-14 23:19:53] INFO     ui.runtime:1319: SYS: Personality active -> CHIDVI
[2026-07-14 23:19:53] INFO     ui.runtime:1319: [VRM] Switch command sent -> Chidvi.vrm; result=sent
[2026-07-14 23:19:53] INFO     ui.runtime:1319: [VRM] Waiting for Avatar Ready -> Chidvi.vrm; diagnostics={'currentAvatarFile': None, 'hasActiveVRM': False, 'hasMixer': False, 'avatarSwitchInProgress': True, 'queuedAvatarFile': None, 'avatarUpdatePaused': True, 'lastAvatarSwitchStatus': 'switching', 'lastAvatarSwitchError': None, 'sceneChildren': 2, 'emotion': 'listening', 'activeAction': None, 'animation': {'mixerBound': False, 'fbxActive': False, 'activeName': None, 'currentState': 'listening', 'idleName': 'idle', 'idleActionAlive': False, 'hasCurrentAction': False, 'queueLength': 0, 'queue': [], 'cachedClips': 5, 'cachedClipNames': ['idle', 'talking', 'thinking', 'wave', 'breathing_idle'], 'pendingFade': False, 'blendProgress': 1, 'availableGestures': ['wave', 'wave2', 'salute', 'bow', 'clap', 'point', 'pointing', 'greeting', 'shrug', 'nod', 'shake_head', 'jump'], 'availableEmotions': ['happy', 'sad', 'thinking', 'excited', 'embarrassed', 'angry', 'laughing'], 'currentProfile': 'CHIDVI', 'currentPriority': 0, 'currentActionIsOneShot': False, 'activeGesture': None, 'activeEmotion': None, 'retargetedClipCount': 1, 'currentVRM': None, 'currentClip': None, 'boneCount': 0, 'mappedBones': 0, 'missingBones': []}}
[2026-07-14 23:19:54] INFO     ui.runtime:1319: [VRM] Avatar Ready -> Chidvi.vrm
[2026-07-14 23:19:54] INFO     ui.runtime:1319: [VRM] Renderer diagnostics -> {'currentAvatarFile': 'Chidvi.vrm', 'hasActiveVRM': True, 'hasMixer': True, 'avatarSwitchInProgress': False, 'queuedAvatarFile': None, 'avatarUpdatePaused': False, 'lastAvatarSwitchStatus': 'ready', 'lastAvatarSwitchError': None, 'sceneChildren': 3, 'emotion': 'idle', 'activeAction': None, 'animation': {'mixerBound': True, 'fbxActive': False, 'activeName': None, 'currentState': 'idle', 'idleName': 'idle', 'idleActionAlive': True, 'hasCurrentAction': False, 'queueLength': 0, 'queue': [], 'cachedClips': 5, 'cachedClipNames': ['idle', 'talking', 'thinking', 'wave', 'breathing_idle'], 'pendingFade': False, 'blendProgress': 1, 'availableGestures': ['wave', 'wave2', 'salute', 'bow', 'clap', 'point', 'pointing', 'greeting', 'shrug', 'nod', 'shake_head', 'jump'], 'availableEmotions': ['happy', 'sad', 'thinking', 'excited', 'embarrassed', 'angry', 'laughing'], 'currentProfile': 'CHIDVI', 'currentPriority': 0, 'currentActionIsOneShot': False, 'activeGesture': None, 'activeEmotion': None, 'retargetedClipCount': 2, 'currentVRM': 'Chidvi', 'currentClip': None, 'boneCount': 52, 'mappedBones': 52, 'missingBones': []}}
