[2026-07-14 18:42:04] INFO     core.personality_manager:127: Personalities loaded: CHIDVI, HINATA
[2026-07-14 18:42:04] INFO     ui.runtime:1319: SYS: Renderer initial avatar -> Chidvi.vrm
[2026-07-14 18:42:08] INFO     commands.router:70: Command router initialized
[2026-07-14 18:42:08] INFO     api.key_pool:128: Loaded 6 API keys
[2026-07-14 18:42:08] INFO     ui.runtime:1319: SYS: Renderer page load started.
[2026-07-14 18:42:08] INFO     ui.runtime:1319: SYS: Renderer page load finished -> True.
[2026-07-14 18:42:10] INFO     ui.runtime:1319: SYS: JARVIS online.
[2026-07-14 18:42:10] INFO     ui.runtime:1319: [MIC] Device opening
[2026-07-14 18:42:10] INFO     ui.runtime:1319: [MIC] Device opened
[2026-07-14 18:42:44] INFO     HINATA:20: Avatar State -> LISTENING
[2026-07-14 18:42:46] INFO     HINATA:20: Avatar State -> SPEAKING
[2026-07-14 18:42:47] INFO     ui.runtime:1319: Jarvis: Hello, CHIDVILAS! How can I help you today?
[2026-07-14 18:42:48] INFO     HINATA:20: Avatar State -> IDLE
[2026-07-14 18:43:15] INFO     commands.router:310: Handling local command: personality - switch to hinata
[2026-07-14 18:43:15] INFO     core.personality_manager:259: Switching personality to HINATA
[2026-07-14 18:43:15] INFO     core.personality_manager:307: Personality switched to HINATA
[2026-07-14 18:43:15] INFO     commands.router:332: Local command executed: switch to hinata
[2026-07-14 18:43:15] INFO     ui.runtime:1319: SYS: Switching personality -> HINATA
[2026-07-14 18:43:15] INFO     ui.runtime:1319: SYS: Avatar profile -> HINATA uses Hinata.vrm
[2026-07-14 18:43:15] INFO     ui.runtime:1319: SYS: Applying avatar profile -> HINATA / Hinata.vrm
[2026-07-14 18:43:15] INFO     ui.runtime:1319: SYS: UI theme -> HINATA
[2026-07-14 18:43:15] INFO     ui.runtime:1319: SYS: Forwarding VRM switch -> Hinata.vrm
[2026-07-14 18:43:15] INFO     ui.runtime:1319: [PERSONALITY] Avatar request sent -> Hinata.vrm
[2026-07-14 18:43:15] INFO     ui.runtime:1319: [PERSONALITY] Waiting for renderer -> Hinata.vrm
[2026-07-14 18:43:15] INFO     ui.runtime:1319: SYS: Animation profile -> HINATA
[2026-07-14 18:43:15] INFO     ui.runtime:1319: [VRM] Animation profile requested -> HINATA
[2026-07-14 18:43:15] INFO     ui.runtime:1319: SYS: Personality active -> HINATA
[2026-07-14 18:43:15] INFO     ui.runtime:1319: [VRM] Switch command sent -> Hinata.vrm; result=sent
[2026-07-14 18:43:16] INFO     ui.runtime:1319: [VRM] Waiting for Avatar Ready -> Hinata.vrm; diagnostics={'currentAvatarFile': None, 'hasActiveVRM': False, 'hasMixer': False, 'avatarSwitchInProgress': True, 'queuedAvatarFile': None, 'avatarUpdatePaused': True, 'lastAvatarSwitchStatus': 'switching', 'lastAvatarSwitchError': None, 'sceneChildren': 2, 'emotion': 'listening', 'activeAction': None, 'animation': {'mixerBound': False, 'fbxActive': False, 'activeName': None, 'currentState': 'listening', 'idleName': 'breathing_idle', 'idleActionAlive': False, 'hasCurrentAction': False, 'queueLength': 0, 'queue': [], 'cachedClips': 6, 'cachedClipNames': ['wave', 'thinking', 'idle', 'talking', 'breathing_idle', 'talking2'], 'pendingFade': False, 'blendProgress': 1, 'availableGestures': ['wave', 'wave2', 'salute', 'bow', 'clap', 'point', 'pointing', 'greeting', 'shrug', 'nod', 'shake_head', 'jump'], 'availableEmotions': ['happy', 'sad', 'thinking', 'excited', 'embarrassed', 'angry', 'laughing'], 'currentProfile': 'HINATA', 'currentPriority': 0, 'currentActionIsOneShot': False, 'activeGesture': None, 'activeEmotion': None, 'retargetedClipCount': 4}}
[2026-07-14 18:43:16] WARNING  api.key_pool:84: Key marked as failed: AQ.Ab8RN6I... (unhandled errors in a TaskGroup (1 sub-exception))
[2026-07-14 18:43:17] INFO     ui.runtime:1319: [VRM] Avatar Ready -> Hinata.vrm
[2026-07-14 18:43:17] INFO     ui.runtime:1319: [VRM] Renderer diagnostics -> {'currentAvatarFile': 'Hinata.vrm', 'hasActiveVRM': True, 'hasMixer': True, 'avatarSwitchInProgress': False, 'queuedAvatarFile': None, 'avatarUpdatePaused': False, 'lastAvatarSwitchStatus': 'ready', 'lastAvatarSwitchError': None, 'sceneChildren': 3, 'emotion': 'reconnecting', 'activeAction': None, 'animation': {'mixerBound': True, 'fbxActive': False, 'activeName': None, 'currentState': 'idle', 'idleName': 'breathing_idle', 'idleActionAlive': True, 'hasCurrentAction': False, 'queueLength': 0, 'queue': [], 'cachedClips': 6, 'cachedClipNames': ['wave', 'thinking', 'idle', 'talking', 'breathing_idle', 'talking2'], 'pendingFade': True, 'blendProgress': 0, 'availableGestures': ['wave', 'wave2', 'salute', 'bow', 'clap', 'point', 'pointing', 'greeting', 'shrug', 'nod', 'shake_head', 'jump'], 'availableEmotions': ['happy', 'sad', 'thinking', 'excited', 'embarrassed', 'angry', 'laughing'], 'currentProfile': 'HINATA', 'currentPriority': 0, 'currentActionIsOneShot': False, 'activeGesture': None, 'activeEmotion': None, 'retargetedClipCount': 5}}
[2026-07-14 18:43:20] INFO     ui.runtime:1319: SYS: JARVIS online.
[2026-07-14 18:43:20] INFO     ui.runtime:1319: [MIC] Device opening
[2026-07-14 18:43:20] INFO     ui.runtime:1319: [MIC] Device opened
