[2026-07-11 12:28:14] INFO     core.personality_manager:127: Personalities loaded: CHIDVI, HINATA
[2026-07-11 12:28:14] INFO     commands.router:70: Command router initialized
[2026-07-11 12:28:14] INFO     api.key_pool:128: Loaded 6 API keys
[2026-07-11 12:28:26] INFO     HINATA:20: Avatar State -> LISTENING
[2026-07-11 12:28:27] WARNING  google_genai.types:19785: Warning: there are non-data parts in the response: ['text', 'thought'], returning concatenated data result from data parts, check out the non data parts for full response from model.
[2026-07-11 12:28:28] INFO     HINATA:20: Avatar State -> SPEAKING
[2026-07-11 12:28:30] INFO     HINATA:20: Avatar State -> IDLE
[2026-07-11 12:28:39] INFO     HINATA:20: Avatar State -> LISTENING
[2026-07-11 12:28:41] INFO     HINATA:20: Avatar State -> SPEAKING
[2026-07-11 12:28:47] INFO     HINATA:20: Avatar State -> IDLE
[2026-07-11 12:28:52] INFO     HINATA:20: Avatar State -> LISTENING
[2026-07-11 12:28:55] INFO     HINATA:20: Avatar State -> SPEAKING
[2026-07-11 12:29:00] INFO     HINATA:20: Avatar State -> IDLE
[2026-07-11 12:29:04] INFO     HINATA:20: Avatar State -> LISTENING
[2026-07-11 12:29:06] INFO     HINATA:20: Avatar State -> SPEAKING
[2026-07-11 12:29:11] INFO     HINATA:20: Avatar State -> IDLE
[2026-07-11 12:29:20] INFO     HINATA:20: Avatar State -> LISTENING
[2026-07-11 12:29:24] INFO     HINATA:20: Avatar State -> SPEAKING
[2026-07-11 12:29:29] INFO     HINATA:20: Avatar State -> IDLE
[2026-07-11 12:29:37] INFO     HINATA:20: Avatar State -> LISTENING
[2026-07-11 12:29:40] INFO     HINATA:20: Avatar State -> SPEAKING
[2026-07-11 12:29:47] INFO     HINATA:20: Avatar State -> IDLE
[2026-07-11 12:29:56] INFO     HINATA:20: Avatar State -> LISTENING
[2026-07-11 12:29:58] INFO     HINATA:20: Avatar State -> SPEAKING
[2026-07-11 12:30:08] INFO     HINATA:20: Avatar State -> IDLE
