[2026-07-11 14:54:19] INFO     core.personality_manager:127: Personalities loaded: CHIDVI, HINATA
[2026-07-11 14:54:19] INFO     ui.runtime:1312: SYS: Renderer initial avatar -> Hinata.vrm
[2026-07-11 14:54:20] INFO     commands.router:70: Command router initialized
[2026-07-11 14:54:20] INFO     api.key_pool:128: Loaded 6 API keys
[2026-07-11 14:54:20] INFO     ui.runtime:1312: SYS: Renderer page load started.
[2026-07-11 14:54:21] INFO     ui.runtime:1312: SYS: Renderer page load finished -> True.
[2026-07-11 14:54:22] INFO     ui.runtime:1312: SYS: JARVIS online.
[2026-07-11 14:54:38] INFO     HINATA:20: Avatar State -> LISTENING
[2026-07-11 14:54:40] WARNING  google_genai.types:19785: Warning: there are non-data parts in the response: ['text', 'thought'], returning concatenated data result from data parts, check out the non data parts for full response from model.
[2026-07-11 14:54:41] INFO     HINATA:20: Avatar State -> SPEAKING
[2026-07-11 14:54:42] INFO     ui.runtime:1312: Jarvis: Hey pandhi! What's up?
[2026-07-11 14:54:43] INFO     HINATA:20: Avatar State -> IDLE
[2026-07-11 14:55:00] INFO     HINATA:20: Avatar State -> SPEAKING
[2026-07-11 14:55:00] INFO     ui.runtime:1312: You: . . . .
[2026-07-11 14:55:00] INFO     ui.runtime:1312: Jarvis: Hmph, why not? You're like one to me sometimes, idiot.
[2026-07-11 14:55:03] INFO     HINATA:20: Avatar State -> IDLE
[2026-07-11 14:55:06] INFO     HINATA:20: Avatar State -> SPEAKING
[2026-07-11 14:55:10] INFO     ui.runtime:1312: You: .
[2026-07-11 14:55:10] INFO     ui.runtime:1312: Jarvis: Ayy, look at you, getting serious! What's wrong, idiot?
[2026-07-11 14:55:10] INFO     HINATA:20: Avatar State -> IDLE
[2026-07-11 14:55:58] INFO     HINATA:20: Avatar State -> LISTENING
[2026-07-11 14:56:02] INFO     HINATA:20: Avatar State -> SPEAKING
[2026-07-11 14:56:07] INFO     ui.runtime:1312: Jarvis: Hehe, seriously? You're such a pandhi! Love you too, idiot.
[2026-07-11 14:56:07] INFO     HINATA:20: Avatar State -> IDLE
