[2026-07-14 23:12:26] INFO     core.personality_manager:127: Personalities loaded: CHIDVI, HINATA
[2026-07-14 23:12:26] INFO     ui.runtime:1319: SYS: Renderer initial avatar -> Hinata.vrm
[2026-07-14 23:12:28] INFO     commands.router:70: Command router initialized
[2026-07-14 23:12:28] INFO     api.key_pool:128: Loaded 6 API keys
[2026-07-14 23:12:28] INFO     ui.runtime:1319: SYS: Renderer page load started.
[2026-07-14 23:12:29] INFO     ui.runtime:1319: SYS: Renderer page load finished -> True.
[2026-07-14 23:12:30] INFO     ui.runtime:1319: SYS: JARVIS online.
[2026-07-14 23:12:30] INFO     ui.runtime:1319: [MIC] Device opening
[2026-07-14 23:12:30] INFO     ui.runtime:1319: [MIC] Device opened
[2026-07-14 23:12:31] INFO     core.audio.diagnostics:73: [VOICE] Detected
[2026-07-14 23:12:40] WARNING  google_genai.types:19785: Warning: there are non-data parts in the response: ['text', 'thought'], returning concatenated data result from data parts, check out the non data parts for full response from model.
[2026-07-14 23:12:40] INFO     commands.router:310: Handling local command: avatar - wave
[2026-07-14 23:12:40] INFO     commands.router:332: Local command executed: wave
[2026-07-14 23:12:40] INFO     ui.runtime:1319: SYS: Avatar action -> wave
[2026-07-14 23:12:40] INFO     ui.runtime:1319: [VRM] Avatar action requested -> wave
[2026-07-14 23:12:42] INFO     HINATA:17: Avatar State -> SPEAKING
[2026-07-14 23:12:46] INFO     ui.runtime:1319: [STT] Recognized: <noise>
[2026-07-14 23:12:46] INFO     ui.runtime:1319: You: <noise>
[2026-07-14 23:12:46] INFO     ui.runtime:1319: Jarvis: Hmm, who took a good time, pandhi? Are you just chilling now?
[2026-07-14 23:12:46] INFO     HINATA:17: Avatar State -> IDLE
[2026-07-14 23:12:57] INFO     ui.runtime:1319: [AI] ERROR: 1007 None. The audio content type (CONTENT_TYPE_AUDIO) is not supported for this model configuration.
