[2026-07-11 12:34:05] INFO     core.personality_manager:127: Personalities loaded: CHIDVI, HINATA
[2026-07-11 12:34:05] INFO     commands.router:70: Command router initialized
[2026-07-11 12:34:06] INFO     api.key_pool:128: Loaded 6 API keys
[2026-07-11 12:34:15] INFO     HINATA:20: Avatar State -> LISTENING
[2026-07-11 12:34:16] WARNING  google_genai.types:19785: Warning: there are non-data parts in the response: ['text', 'thought'], returning concatenated data result from data parts, check out the non data parts for full response from model.
[2026-07-11 12:34:17] INFO     HINATA:20: Avatar State -> SPEAKING
[2026-07-11 12:34:20] INFO     HINATA:20: Avatar State -> IDLE
[2026-07-11 12:34:35] INFO     HINATA:20: Avatar State -> SPEAKING
[2026-07-11 12:34:42] INFO     HINATA:20: Avatar State -> IDLE
[2026-07-11 12:35:33] INFO     HINATA:20: Avatar State -> SPEAKING
[2026-07-11 12:35:35] INFO     HINATA:20: Avatar State -> IDLE
[2026-07-11 12:35:38] INFO     HINATA:20: Avatar State -> LISTENING
[2026-07-11 12:35:44] INFO     HINATA:20: Avatar State -> SPEAKING
[2026-07-11 12:35:47] INFO     HINATA:20: Avatar State -> THINKING
[2026-07-11 12:35:47] INFO     HINATA:20: Avatar State -> SPEAKING
[2026-07-11 12:36:01] INFO     HINATA:20: Avatar State -> IDLE
[2026-07-11 12:36:19] INFO     HINATA:20: Avatar State -> LISTENING
[2026-07-11 12:36:20] INFO     HINATA:20: Avatar State -> SPEAKING
[2026-07-11 12:36:27] INFO     HINATA:20: Avatar State -> IDLE
[2026-07-11 12:36:38] INFO     HINATA:20: Avatar State -> LISTENING
[2026-07-11 12:36:42] INFO     HINATA:20: Avatar State -> SPEAKING
[2026-07-11 12:36:50] INFO     HINATA:20: Avatar State -> IDLE
[2026-07-11 12:37:04] INFO     HINATA:20: Avatar State -> SPEAKING
[2026-07-11 12:37:10] INFO     HINATA:20: Avatar State -> IDLE
[2026-07-11 12:37:25] INFO     HINATA:20: Avatar State -> LISTENING
[2026-07-11 12:37:29] INFO     HINATA:20: Avatar State -> SPEAKING
[2026-07-11 12:37:41] INFO     HINATA:20: Avatar State -> IDLE
[2026-07-11 12:37:51] INFO     HINATA:20: Avatar State -> SPEAKING
[2026-07-11 12:37:58] INFO     HINATA:20: Avatar State -> IDLE
[2026-07-11 12:38:12] INFO     HINATA:20: Avatar State -> SPEAKING
[2026-07-11 12:38:17] INFO     HINATA:20: Avatar State -> IDLE
[2026-07-11 12:38:20] INFO     HINATA:20: Avatar State -> SPEAKING
[2026-07-11 12:38:28] INFO     HINATA:20: Avatar State -> IDLE
[2026-07-11 12:38:36] INFO     HINATA:20: Avatar State -> SPEAKING
[2026-07-11 12:38:45] INFO     HINATA:20: Avatar State -> IDLE
[2026-07-11 12:38:55] INFO     HINATA:20: Avatar State -> SPEAKING
[2026-07-11 12:39:00] INFO     HINATA:20: Avatar State -> IDLE
[2026-07-11 12:39:12] INFO     commands.router:310: Handling local command: personality - switch to chidvi
[2026-07-11 12:39:12] INFO     __main__:605: [PERSONALITY] Switch requested -> CHIDVI
[2026-07-11 12:39:12] INFO     __main__:608: [PERSONALITY] Activating profile -> CHIDVI
[2026-07-11 12:39:12] INFO     core.personality_manager:259: Switching personality to CHIDVI
[2026-07-11 12:39:12] INFO     core.personality_manager:307: Personality switched to CHIDVI
[2026-07-11 12:39:12] INFO     __main__:613: [PERSONALITY] Profile activation result -> True
[2026-07-11 12:39:12] INFO     __main__:628: [PERSONALITY] Loading profile assets -> prompt=OK voice=Charon theme=CHIDVI avatar=Chidvi.vrm
[2026-07-11 12:39:12] INFO     __main__:636: [PERSONALITY] Runtime state saved -> CHIDVI / Chidvi.vrm
