[2026-07-13 15:48:02] INFO     core.personality_manager:127: Personalities loaded: CHIDVI, HINATA
[2026-07-13 15:48:02] INFO     ui.runtime:1321: SYS: Renderer initial avatar -> Chidvi.vrm
[2026-07-13 15:48:03] INFO     commands.router:70: Command router initialized
[2026-07-13 15:48:03] INFO     api.key_pool:128: Loaded 6 API keys
[2026-07-13 15:48:03] INFO     ui.runtime:1321: SYS: Renderer page load started.
[2026-07-13 15:48:04] INFO     ui.runtime:1321: SYS: Renderer page load finished -> True.
[2026-07-13 15:48:04] INFO     ui.runtime:1321: SYS: JARVIS online.
[2026-07-13 15:48:04] INFO     ui.runtime:1321: [MIC] Device opening
[2026-07-13 15:48:04] INFO     ui.runtime:1321: [MIC] Device opened
[2026-07-13 15:48:31] INFO     commands.router:310: Handling local command: personality - switch to hinata
[2026-07-13 15:48:31] INFO     core.personality_manager:259: Switching personality to HINATA
[2026-07-13 15:48:31] INFO     core.personality_manager:307: Personality switched to HINATA
[2026-07-13 15:48:31] INFO     commands.router:332: Local command executed: switch to hinata
[2026-07-13 15:48:31] INFO     ui.runtime:1321: SYS: Switching personality -> HINATA
[2026-07-13 15:48:31] INFO     ui.runtime:1321: SYS: Avatar profile -> HINATA uses Hinata.vrm
[2026-07-13 15:48:31] INFO     ui.runtime:1321: SYS: Applying avatar profile -> HINATA / Hinata.vrm
[2026-07-13 15:48:31] INFO     ui.runtime:1321: SYS: UI theme -> HINATA
[2026-07-13 15:48:31] INFO     ui.runtime:1321: SYS: Forwarding VRM switch -> Hinata.vrm
[2026-07-13 15:48:31] INFO     ui.runtime:1321: [PERSONALITY] Avatar request sent -> Hinata.vrm
[2026-07-13 15:48:31] INFO     ui.runtime:1321: [PERSONALITY] Waiting for renderer -> Hinata.vrm
[2026-07-13 15:48:31] INFO     ui.runtime:1321: SYS: Animation profile -> HINATA
[2026-07-13 15:48:31] INFO     ui.runtime:1321: [VRM] Animation profile requested -> HINATA
[2026-07-13 15:48:31] INFO     ui.runtime:1321: SYS: Personality active -> HINATA
[2026-07-13 15:48:31] INFO     ui.runtime:1321: [VRM] Switch command sent -> Hinata.vrm; result=sent
[2026-07-13 15:48:32] WARNING  api.key_pool:84: Key marked as failed: AQ.Ab8RN6I... (unhandled errors in a TaskGroup (1 sub-exception))
[2026-07-13 15:48:32] INFO     ui.runtime:1321: [VRM] Waiting for Avatar Ready -> Hinata.vrm; diagnostics={'currentAvatarFile': None, 'hasActiveVRM': False, 'hasMixer': False, 'avatarSwitchInProgress': True, 'queuedAvatarFile': None, 'avatarUpdatePaused': True, 'lastAvatarSwitchStatus': 'switching', 'lastAvatarSwitchError': None, 'sceneChildren': 2, 'emotion': 'listening', 'activeAction': None, 'animation': {'mixerBound': False, 'fbxActive': False, 'activeName': None, 'currentState': 'listening', 'idleName': 'breathing_idle', 'idleActionAlive': False, 'hasCurrentAction': False, 'queueLength': 0, 'queue': [], 'cachedClips': 5, 'cachedClipNames': ['idle', 'wave', 'thinking', 'talking', 'breathing_idle'], 'pendingFade': False, 'blendProgress': 1, 'availableGestures': ['wave', 'wave2', 'salute', 'bow', 'clap', 'point', 'pointing', 'greeting', 'shrug', 'nod', 'shake_head', 'jump'], 'availableEmotions': ['happy', 'sad', 'thinking', 'excited', 'embarrassed', 'angry', 'laughing'], 'currentProfile': 'HINATA', 'currentPriority': 0, 'currentActionIsOneShot': False, 'activeGesture': None, 'activeEmotion': None, 'retargetedClipCount': 2}}
[2026-07-13 15:48:33] INFO     ui.runtime:1321: [VRM] Avatar Ready -> Hinata.vrm
[2026-07-13 15:48:33] INFO     ui.runtime:1321: [VRM] Renderer diagnostics -> {'currentAvatarFile': 'Hinata.vrm', 'hasActiveVRM': True, 'hasMixer': True, 'avatarSwitchInProgress': False, 'queuedAvatarFile': None, 'avatarUpdatePaused': False, 'lastAvatarSwitchStatus': 'ready', 'lastAvatarSwitchError': None, 'sceneChildren': 3, 'emotion': 'idle', 'activeAction': None, 'animation': {'mixerBound': True, 'fbxActive': False, 'activeName': None, 'currentState': 'idle', 'idleName': 'breathing_idle', 'idleActionAlive': True, 'hasCurrentAction': False, 'queueLength': 0, 'queue': [], 'cachedClips': 5, 'cachedClipNames': ['idle', 'wave', 'thinking', 'talking', 'breathing_idle'], 'pendingFade': False, 'blendProgress': 1, 'availableGestures': ['wave', 'wave2', 'salute', 'bow', 'clap', 'point', 'pointing', 'greeting', 'shrug', 'nod', 'shake_head', 'jump'], 'availableEmotions': ['happy', 'sad', 'thinking', 'excited', 'embarrassed', 'angry', 'laughing'], 'currentProfile': 'HINATA', 'currentPriority': 0, 'currentActionIsOneShot': False, 'activeGesture': None, 'activeEmotion': None, 'retargetedClipCount': 3}}
[2026-07-13 15:48:36] INFO     ui.runtime:1321: SYS: JARVIS online.
[2026-07-13 15:48:36] INFO     ui.runtime:1321: [MIC] Device opening
[2026-07-13 15:48:36] INFO     ui.runtime:1321: [MIC] Device opened
[2026-07-13 15:48:36] INFO     commands.router:310: Handling local command: avatar - wave
[2026-07-13 15:48:36] INFO     commands.router:332: Local command executed: wave
[2026-07-13 15:48:36] INFO     ui.runtime:1321: SYS: Avatar action -> wave
[2026-07-13 15:48:36] INFO     ui.runtime:1321: [VRM] Avatar action requested -> wave
[2026-07-13 15:48:39] WARNING  google_genai.types:19785: Warning: there are non-data parts in the response: ['text', 'thought'], returning concatenated data result from data parts, check out the non data parts for full response from model.
[2026-07-13 15:48:40] INFO     HINATA:20: Avatar State -> SPEAKING
[2026-07-13 15:48:42] INFO     commands.router:310: Handling local command: personality - switch to chidvi
[2026-07-13 15:48:42] INFO     core.personality_manager:259: Switching personality to CHIDVI
[2026-07-13 15:48:42] INFO     core.personality_manager:307: Personality switched to CHIDVI
[2026-07-13 15:48:42] INFO     HINATA:20: Avatar State -> IDLE
[2026-07-13 15:48:42] INFO     commands.router:332: Local command executed: switch to chidvi
[2026-07-13 15:48:42] INFO     ui.runtime:1321: SYS: Switching personality -> CHIDVI
[2026-07-13 15:48:42] INFO     ui.runtime:1321: SYS: Avatar profile -> CHIDVI uses Chidvi.vrm
[2026-07-13 15:48:42] INFO     ui.runtime:1321: SYS: Applying avatar profile -> CHIDVI / Chidvi.vrm
[2026-07-13 15:48:42] INFO     ui.runtime:1321: SYS: UI theme -> CHIDVI
[2026-07-13 15:48:42] INFO     ui.runtime:1321: SYS: Forwarding VRM switch -> Chidvi.vrm
[2026-07-13 15:48:42] INFO     ui.runtime:1321: [PERSONALITY] Avatar request sent -> Chidvi.vrm
[2026-07-13 15:48:42] INFO     ui.runtime:1321: [PERSONALITY] Waiting for renderer -> Chidvi.vrm
[2026-07-13 15:48:42] INFO     ui.runtime:1321: SYS: Animation profile -> CHIDVI
[2026-07-13 15:48:42] INFO     ui.runtime:1321: [VRM] Animation profile requested -> CHIDVI
[2026-07-13 15:48:42] INFO     ui.runtime:1321: SYS: Personality active -> CHIDVI
[2026-07-13 15:48:42] INFO     ui.runtime:1321: [VRM] Switch command sent -> Chidvi.vrm; result=sent
[2026-07-13 15:48:42] INFO     ui.runtime:1321: [VRM] Waiting for Avatar Ready -> Chidvi.vrm; diagnostics={'currentAvatarFile': None, 'hasActiveVRM': False, 'hasMixer': False, 'avatarSwitchInProgress': True, 'queuedAvatarFile': None, 'avatarUpdatePaused': True, 'lastAvatarSwitchStatus': 'switching', 'lastAvatarSwitchError': None, 'sceneChildren': 2, 'emotion': 'listening', 'activeAction': None, 'animation': {'mixerBound': False, 'fbxActive': False, 'activeName': None, 'currentState': 'listening', 'idleName': 'idle', 'idleActionAlive': False, 'hasCurrentAction': False, 'queueLength': 0, 'queue': [], 'cachedClips': 7, 'cachedClipNames': ['idle', 'wave', 'thinking', 'talking', 'breathing_idle', 'talking2', 'secret'], 'pendingFade': False, 'blendProgress': 1, 'availableGestures': ['wave', 'wave2', 'salute', 'bow', 'clap', 'point', 'pointing', 'greeting', 'shrug', 'nod', 'shake_head', 'jump'], 'availableEmotions': ['happy', 'sad', 'thinking', 'excited', 'embarrassed', 'angry', 'laughing'], 'currentProfile': 'CHIDVI', 'currentPriority': 0, 'currentActionIsOneShot': False, 'activeGesture': None, 'activeEmotion': None, 'retargetedClipCount': 10}}
[2026-07-13 15:48:42] WARNING  api.key_pool:84: Key marked as failed: AQ.Ab8RN6J... (unhandled errors in a TaskGroup (1 sub-exception))
[2026-07-13 15:48:43] INFO     ui.runtime:1321: [VRM] Avatar Ready -> Chidvi.vrm
[2026-07-13 15:48:43] INFO     ui.runtime:1321: [VRM] Renderer diagnostics -> {'currentAvatarFile': 'Chidvi.vrm', 'hasActiveVRM': True, 'hasMixer': True, 'avatarSwitchInProgress': False, 'queuedAvatarFile': None, 'avatarUpdatePaused': False, 'lastAvatarSwitchStatus': 'ready', 'lastAvatarSwitchError': None, 'sceneChildren': 3, 'emotion': 'idle', 'activeAction': None, 'animation': {'mixerBound': True, 'fbxActive': False, 'activeName': None, 'currentState': 'idle', 'idleName': 'idle', 'idleActionAlive': True, 'hasCurrentAction': False, 'queueLength': 0, 'queue': [], 'cachedClips': 7, 'cachedClipNames': ['idle', 'wave', 'thinking', 'talking', 'breathing_idle', 'talking2', 'secret'], 'pendingFade': False, 'blendProgress': 1, 'availableGestures': ['wave', 'wave2', 'salute', 'bow', 'clap', 'point', 'pointing', 'greeting', 'shrug', 'nod', 'shake_head', 'jump'], 'availableEmotions': ['happy', 'sad', 'thinking', 'excited', 'embarrassed', 'angry', 'laughing'], 'currentProfile': 'CHIDVI', 'currentPriority': 0, 'currentActionIsOneShot': False, 'activeGesture': None, 'activeEmotion': None, 'retargetedClipCount': 11}}
[2026-07-13 15:48:46] INFO     ui.runtime:1321: SYS: JARVIS online.
[2026-07-13 15:48:46] INFO     ui.runtime:1321: [MIC] Device opening
[2026-07-13 15:48:46] INFO     ui.runtime:1321: [MIC] Device opened
[2026-07-13 15:48:54] INFO     ui.runtime:1321: SYS: Renderer page load started.
[2026-07-13 15:48:54] INFO     ui.runtime:1321: SYS: Renderer page load finished -> True.
[2026-07-13 15:49:08] INFO     commands.router:310: Handling local command: avatar - wave
[2026-07-13 15:49:08] INFO     commands.router:332: Local command executed: wave
[2026-07-13 15:49:08] INFO     ui.runtime:1321: SYS: Avatar action -> wave
[2026-07-13 15:49:08] INFO     ui.runtime:1321: [VRM] Avatar action requested -> wave
[2026-07-13 15:49:11] INFO     HINATA:20: Avatar State -> SPEAKING
[2026-07-13 15:49:13] INFO     ui.runtime:1321: Jarvis: Hello! How can I assist you today?
[2026-07-13 15:49:13] INFO     HINATA:20: Avatar State -> IDLE
[2026-07-13 15:49:16] INFO     commands.router:310: Handling local command: avatar - wave
[2026-07-13 15:49:16] INFO     commands.router:332: Local command executed: wave
[2026-07-13 15:49:16] INFO     ui.runtime:1321: SYS: Avatar action -> wave
[2026-07-13 15:49:16] INFO     ui.runtime:1321: [VRM] Avatar action requested -> wave
[2026-07-13 15:49:18] INFO     HINATA:20: Avatar State -> SPEAKING
[2026-07-13 15:49:21] INFO     ui.runtime:1321: Jarvis: Is there anything specific you'd like to accomplish?
[2026-07-13 15:49:21] INFO     HINATA:20: Avatar State -> IDLE
[2026-07-13 15:49:26] INFO     commands.router:310: Handling local command: avatar - bow
[2026-07-13 15:49:26] INFO     commands.router:332: Local command executed: bow
[2026-07-13 15:49:26] INFO     ui.runtime:1321: SYS: Avatar action -> bow
[2026-07-13 15:49:26] INFO     ui.runtime:1321: [VRM] Avatar action requested -> bow
[2026-07-13 15:49:28] INFO     HINATA:20: Avatar State -> SPEAKING
[2026-07-13 15:49:30] INFO     HINATA:20: Avatar State -> IDLE
[2026-07-13 15:49:30] INFO     ui.runtime:1321: Jarvis: I'm ready when you are. What can I do for you?
[2026-07-13 15:49:33] INFO     commands.router:310: Handling local command: avatar - laugh
[2026-07-13 15:49:33] INFO     commands.router:332: Local command executed: laugh
[2026-07-13 15:49:33] INFO     ui.runtime:1321: SYS: Avatar action -> laugh
[2026-07-13 15:49:33] INFO     ui.runtime:1321: [VRM] Avatar action requested -> laugh
[2026-07-13 15:49:34] INFO     HINATA:20: Avatar State -> SPEAKING
[2026-07-13 15:49:37] INFO     ui.runtime:1321: Jarvis: Glad to see you're in good spirits! What's on your mind?
[2026-07-13 15:49:37] INFO     HINATA:20: Avatar State -> IDLE
[2026-07-13 15:58:48] INFO     ui.runtime:1321: [AI] ERROR: 1006 None. abnormal closure [internal]
[2026-07-13 15:58:48] WARNING  api.key_pool:84: Key marked as failed: AQ.Ab8RN6L... (unhandled errors in a TaskGroup (2 sub-exceptions))
[2026-07-13 15:58:52] WARNING  api.key_pool:84: Key marked as failed: AQ.Ab8RN6I... ([Errno 11001] getaddrinfo failed)
[2026-07-13 15:58:55] WARNING  api.key_pool:84: Key marked as failed: AQ.Ab8RN6L... ([Errno 11001] getaddrinfo failed)
[2026-07-13 15:59:01] INFO     ui.runtime:1321: SYS: JARVIS online.
[2026-07-13 15:59:01] INFO     ui.runtime:1321: [MIC] Device opening
[2026-07-13 15:59:01] INFO     ui.runtime:1321: [MIC] Device opened
