[2026-07-12 20:17:58] INFO     core.personality_manager:127: Personalities loaded: CHIDVI, HINATA
[2026-07-12 20:17:58] INFO     ui.runtime:1316: SYS: Renderer initial avatar -> Hinata.vrm
[2026-07-12 20:17:59] INFO     commands.router:70: Command router initialized
[2026-07-12 20:17:59] INFO     api.key_pool:128: Loaded 6 API keys
[2026-07-12 20:17:59] INFO     ui.runtime:1316: SYS: Renderer page load started.
[2026-07-12 20:18:00] INFO     ui.runtime:1316: SYS: Renderer page load finished -> True.
[2026-07-12 20:18:00] INFO     ui.runtime:1316: SYS: JARVIS online.
[2026-07-12 20:18:21] INFO     ui.runtime:1316: SYS: Renderer page load started.
[2026-07-12 20:18:22] INFO     ui.runtime:1316: SYS: Renderer page load finished -> True.
[2026-07-12 20:18:24] INFO     ui.runtime:1316: SYS: Renderer page load started.
[2026-07-12 20:18:24] INFO     ui.runtime:1316: SYS: Renderer page load finished -> True.
[2026-07-12 20:18:49] INFO     ui.runtime:1316: SYS: Renderer page load started.
[2026-07-12 20:18:50] INFO     ui.runtime:1316: SYS: Renderer page load finished -> True.
[2026-07-12 20:21:48] INFO     commands.router:310: Handling local command: personality - switch to chidvi
[2026-07-12 20:21:48] INFO     core.personality_manager:259: Switching personality to CHIDVI
[2026-07-12 20:21:48] INFO     core.personality_manager:307: Personality switched to CHIDVI
[2026-07-12 20:21:48] INFO     commands.router:332: Local command executed: switch to chidvi
[2026-07-12 20:21:48] INFO     ui.runtime:1316: SYS: Switching personality -> CHIDVI
[2026-07-12 20:21:48] INFO     ui.runtime:1316: SYS: Avatar profile -> CHIDVI uses Chidvi.vrm
[2026-07-12 20:21:48] INFO     ui.runtime:1316: SYS: Applying avatar profile -> CHIDVI / Chidvi.vrm
[2026-07-12 20:21:48] INFO     ui.runtime:1316: SYS: UI theme -> CHIDVI
[2026-07-12 20:21:48] INFO     ui.runtime:1316: SYS: Forwarding VRM switch -> Chidvi.vrm
[2026-07-12 20:21:48] INFO     ui.runtime:1316: [PERSONALITY] Avatar request sent -> Chidvi.vrm
[2026-07-12 20:21:48] INFO     ui.runtime:1316: [PERSONALITY] Waiting for renderer -> Chidvi.vrm
[2026-07-12 20:21:48] INFO     ui.runtime:1316: SYS: Animation profile -> CHIDVI
[2026-07-12 20:21:48] INFO     ui.runtime:1316: [VRM] Animation profile requested -> CHIDVI
[2026-07-12 20:21:48] INFO     ui.runtime:1316: SYS: Personality active -> CHIDVI
[2026-07-12 20:21:48] INFO     ui.runtime:1316: [VRM] Switch command sent -> Chidvi.vrm; result=sent
[2026-07-12 20:21:48] INFO     ui.runtime:1316: [VRM] Waiting for Avatar Ready -> Chidvi.vrm; diagnostics={'currentAvatarFile': None, 'hasActiveVRM': False, 'hasMixer': False, 'avatarSwitchInProgress': True, 'queuedAvatarFile': None, 'avatarUpdatePaused': True, 'lastAvatarSwitchStatus': 'switching', 'lastAvatarSwitchError': None, 'sceneChildren': 2, 'emotion': 'listening', 'activeAction': None, 'animation': {'mixerBound': False, 'fbxActive': False, 'activeName': None, 'currentState': 'listening', 'idleName': 'idle', 'idleActionAlive': False, 'hasCurrentAction': False, 'queueLength': 0, 'queue': [], 'cachedClips': 5, 'cachedClipNames': ['idle', 'talking', 'thinking', 'wave', 'breathing_idle'], 'pendingFade': False, 'blendProgress': 1, 'availableGestures': ['wave', 'wave2', 'salute', 'bow', 'clap', 'point', 'shrug', 'nod', 'shake_head', 'jump'], 'availableEmotions': ['happy', 'sad', 'thinking', 'excited', 'embarrassed', 'angry', 'laughing'], 'currentProfile': 'CHIDVI'}}
[2026-07-12 20:21:48] WARNING  api.key_pool:84: Key marked as failed: AQ.Ab8RN6I... (unhandled errors in a TaskGroup (1 sub-exception))
[2026-07-12 20:21:50] INFO     ui.runtime:1316: [VRM] Avatar Ready -> Chidvi.vrm
[2026-07-12 20:21:50] INFO     ui.runtime:1316: [VRM] Renderer diagnostics -> {'currentAvatarFile': 'Chidvi.vrm', 'hasActiveVRM': True, 'hasMixer': True, 'avatarSwitchInProgress': False, 'queuedAvatarFile': None, 'avatarUpdatePaused': False, 'lastAvatarSwitchStatus': 'ready', 'lastAvatarSwitchError': None, 'sceneChildren': 3, 'emotion': 'idle', 'activeAction': None, 'animation': {'mixerBound': True, 'fbxActive': False, 'activeName': None, 'currentState': 'idle', 'idleName': 'idle', 'idleActionAlive': True, 'hasCurrentAction': False, 'queueLength': 0, 'queue': [], 'cachedClips': 5, 'cachedClipNames': ['idle', 'talking', 'thinking', 'wave', 'breathing_idle'], 'pendingFade': False, 'blendProgress': 1, 'availableGestures': ['wave', 'wave2', 'salute', 'bow', 'clap', 'point', 'shrug', 'nod', 'shake_head', 'jump'], 'availableEmotions': ['happy', 'sad', 'thinking', 'excited', 'embarrassed', 'angry', 'laughing'], 'currentProfile': 'CHIDVI'}}
[2026-07-12 20:21:53] INFO     ui.runtime:1316: SYS: JARVIS online.
[2026-07-12 20:37:32] INFO     commands.router:310: Handling local command: personality - switch to hinata
[2026-07-12 20:37:32] INFO     core.personality_manager:259: Switching personality to HINATA
[2026-07-12 20:37:32] INFO     core.personality_manager:307: Personality switched to HINATA
[2026-07-12 20:37:32] INFO     commands.router:332: Local command executed: switch to hinata
[2026-07-12 20:37:32] INFO     ui.runtime:1316: SYS: Switching personality -> HINATA
[2026-07-12 20:37:32] INFO     ui.runtime:1316: SYS: Avatar profile -> HINATA uses Hinata.vrm
[2026-07-12 20:37:32] INFO     ui.runtime:1316: SYS: Applying avatar profile -> HINATA / Hinata.vrm
[2026-07-12 20:37:32] INFO     ui.runtime:1316: SYS: UI theme -> HINATA
[2026-07-12 20:37:32] INFO     ui.runtime:1316: SYS: Forwarding VRM switch -> Hinata.vrm
[2026-07-12 20:37:32] INFO     ui.runtime:1316: [PERSONALITY] Avatar request sent -> Hinata.vrm
[2026-07-12 20:37:32] INFO     ui.runtime:1316: [PERSONALITY] Waiting for renderer -> Hinata.vrm
[2026-07-12 20:37:32] INFO     ui.runtime:1316: SYS: Animation profile -> HINATA
[2026-07-12 20:37:32] INFO     ui.runtime:1316: [VRM] Animation profile requested -> HINATA
[2026-07-12 20:37:32] INFO     ui.runtime:1316: SYS: Personality active -> HINATA
[2026-07-12 20:37:32] INFO     ui.runtime:1316: [VRM] Switch command sent -> Hinata.vrm; result=sent
[2026-07-12 20:37:32] INFO     ui.runtime:1316: [VRM] Waiting for Avatar Ready -> Hinata.vrm; diagnostics={'currentAvatarFile': None, 'hasActiveVRM': False, 'hasMixer': False, 'avatarSwitchInProgress': True, 'queuedAvatarFile': None, 'avatarUpdatePaused': True, 'lastAvatarSwitchStatus': 'switching', 'lastAvatarSwitchError': None, 'sceneChildren': 2, 'emotion': 'listening', 'activeAction': None, 'animation': {'mixerBound': False, 'fbxActive': False, 'activeName': None, 'currentState': 'listening', 'idleName': 'breathing_idle', 'idleActionAlive': False, 'hasCurrentAction': False, 'queueLength': 0, 'queue': [], 'cachedClips': 5, 'cachedClipNames': ['idle', 'talking', 'thinking', 'wave', 'breathing_idle'], 'pendingFade': False, 'blendProgress': 1, 'availableGestures': ['wave', 'wave2', 'salute', 'bow', 'clap', 'point', 'shrug', 'nod', 'shake_head', 'jump'], 'availableEmotions': ['happy', 'sad', 'thinking', 'excited', 'embarrassed', 'angry', 'laughing'], 'currentProfile': 'HINATA'}}
[2026-07-12 20:37:32] WARNING  api.key_pool:84: Key marked as failed: AQ.Ab8RN6J... (unhandled errors in a TaskGroup (1 sub-exception))
[2026-07-12 20:37:34] INFO     ui.runtime:1316: [VRM] Avatar Ready -> Hinata.vrm
[2026-07-12 20:37:34] INFO     ui.runtime:1316: [VRM] Renderer diagnostics -> {'currentAvatarFile': 'Hinata.vrm', 'hasActiveVRM': True, 'hasMixer': True, 'avatarSwitchInProgress': False, 'queuedAvatarFile': None, 'avatarUpdatePaused': False, 'lastAvatarSwitchStatus': 'ready', 'lastAvatarSwitchError': None, 'sceneChildren': 3, 'emotion': 'idle', 'activeAction': None, 'animation': {'mixerBound': True, 'fbxActive': False, 'activeName': None, 'currentState': 'idle', 'idleName': 'breathing_idle', 'idleActionAlive': True, 'hasCurrentAction': False, 'queueLength': 0, 'queue': [], 'cachedClips': 5, 'cachedClipNames': ['idle', 'talking', 'thinking', 'wave', 'breathing_idle'], 'pendingFade': False, 'blendProgress': 1, 'availableGestures': ['wave', 'wave2', 'salute', 'bow', 'clap', 'point', 'shrug', 'nod', 'shake_head', 'jump'], 'availableEmotions': ['happy', 'sad', 'thinking', 'excited', 'embarrassed', 'angry', 'laughing'], 'currentProfile': 'HINATA'}}
[2026-07-12 20:37:37] INFO     ui.runtime:1316: SYS: JARVIS online.
[2026-07-12 20:37:57] INFO     commands.router:310: Handling local command: avatar - wave
[2026-07-12 20:37:57] INFO     commands.router:332: Local command executed: wave
[2026-07-12 20:37:57] INFO     ui.runtime:1316: SYS: Avatar action -> wave
[2026-07-12 20:37:57] INFO     ui.runtime:1316: [VRM] Avatar action requested -> wave
[2026-07-12 20:37:59] WARNING  google_genai.types:19785: Warning: there are non-data parts in the response: ['text', 'thought'], returning concatenated data result from data parts, check out the non data parts for full response from model.
[2026-07-12 20:38:00] INFO     HINATA:20: Avatar State -> SPEAKING
[2026-07-12 20:38:05] INFO     ui.runtime:1316: Jarvis: Hehe... hi Pandhi! Enti, ila wave chestunnav? Em plan?
[2026-07-12 20:38:05] INFO     HINATA:20: Avatar State -> IDLE
[2026-07-12 20:38:23] INFO     commands.router:310: Handling local command: personality - switch to chidvi
[2026-07-12 20:38:23] INFO     core.personality_manager:259: Switching personality to CHIDVI
[2026-07-12 20:38:23] INFO     core.personality_manager:307: Personality switched to CHIDVI
[2026-07-12 20:38:23] INFO     commands.router:332: Local command executed: switch to chidvi
[2026-07-12 20:38:23] INFO     ui.runtime:1316: SYS: Switching personality -> CHIDVI
[2026-07-12 20:38:23] INFO     ui.runtime:1316: SYS: Avatar profile -> CHIDVI uses Chidvi.vrm
[2026-07-12 20:38:23] INFO     ui.runtime:1316: SYS: Applying avatar profile -> CHIDVI / Chidvi.vrm
[2026-07-12 20:38:23] INFO     ui.runtime:1316: SYS: UI theme -> CHIDVI
[2026-07-12 20:38:23] INFO     ui.runtime:1316: SYS: Forwarding VRM switch -> Chidvi.vrm
[2026-07-12 20:38:23] INFO     ui.runtime:1316: [PERSONALITY] Avatar request sent -> Chidvi.vrm
[2026-07-12 20:38:23] INFO     ui.runtime:1316: [PERSONALITY] Waiting for renderer -> Chidvi.vrm
[2026-07-12 20:38:23] INFO     ui.runtime:1316: SYS: Animation profile -> CHIDVI
[2026-07-12 20:38:23] INFO     ui.runtime:1316: [VRM] Animation profile requested -> CHIDVI
[2026-07-12 20:38:23] INFO     ui.runtime:1316: SYS: Personality active -> CHIDVI
[2026-07-12 20:38:23] INFO     ui.runtime:1316: [VRM] Switch command sent -> Chidvi.vrm; result=sent
[2026-07-12 20:38:23] INFO     ui.runtime:1316: [VRM] Waiting for Avatar Ready -> Chidvi.vrm; diagnostics={'currentAvatarFile': None, 'hasActiveVRM': False, 'hasMixer': False, 'avatarSwitchInProgress': True, 'queuedAvatarFile': None, 'avatarUpdatePaused': True, 'lastAvatarSwitchStatus': 'switching', 'lastAvatarSwitchError': None, 'sceneChildren': 2, 'emotion': 'listening', 'activeAction': None, 'animation': {'mixerBound': False, 'fbxActive': False, 'activeName': None, 'currentState': 'listening', 'idleName': 'idle', 'idleActionAlive': False, 'hasCurrentAction': False, 'queueLength': 0, 'queue': [], 'cachedClips': 8, 'cachedClipNames': ['idle', 'talking', 'thinking', 'wave', 'breathing_idle', 'happy', 'secret', 'talking2'], 'pendingFade': False, 'blendProgress': 1, 'availableGestures': ['wave', 'wave2', 'salute', 'bow', 'clap', 'point', 'shrug', 'nod', 'shake_head', 'jump'], 'availableEmotions': ['happy', 'sad', 'thinking', 'excited', 'embarrassed', 'angry', 'laughing'], 'currentProfile': 'CHIDVI'}}
[2026-07-12 20:38:23] WARNING  api.key_pool:84: Key marked as failed: AQ.Ab8RN6L... (unhandled errors in a TaskGroup (1 sub-exception))
[2026-07-12 20:38:24] INFO     ui.runtime:1316: [VRM] Avatar Ready -> Chidvi.vrm
[2026-07-12 20:38:24] INFO     ui.runtime:1316: [VRM] Renderer diagnostics -> {'currentAvatarFile': 'Chidvi.vrm', 'hasActiveVRM': True, 'hasMixer': True, 'avatarSwitchInProgress': False, 'queuedAvatarFile': None, 'avatarUpdatePaused': False, 'lastAvatarSwitchStatus': 'ready', 'lastAvatarSwitchError': None, 'sceneChildren': 3, 'emotion': 'idle', 'activeAction': None, 'animation': {'mixerBound': True, 'fbxActive': False, 'activeName': None, 'currentState': 'idle', 'idleName': 'idle', 'idleActionAlive': True, 'hasCurrentAction': False, 'queueLength': 0, 'queue': [], 'cachedClips': 8, 'cachedClipNames': ['idle', 'talking', 'thinking', 'wave', 'breathing_idle', 'happy', 'secret', 'talking2'], 'pendingFade': False, 'blendProgress': 1, 'availableGestures': ['wave', 'wave2', 'salute', 'bow', 'clap', 'point', 'shrug', 'nod', 'shake_head', 'jump'], 'availableEmotions': ['happy', 'sad', 'thinking', 'excited', 'embarrassed', 'angry', 'laughing'], 'currentProfile': 'CHIDVI'}}
[2026-07-12 20:38:26] INFO     commands.router:310: Handling local command: personality - switch to hinata
[2026-07-12 20:38:26] INFO     core.personality_manager:259: Switching personality to HINATA
[2026-07-12 20:38:26] INFO     core.personality_manager:307: Personality switched to HINATA
[2026-07-12 20:38:26] INFO     commands.router:332: Local command executed: switch to hinata
[2026-07-12 20:38:26] INFO     ui.runtime:1316: SYS: Switching personality -> HINATA
[2026-07-12 20:38:26] INFO     ui.runtime:1316: SYS: Avatar profile -> HINATA uses Hinata.vrm
[2026-07-12 20:38:26] INFO     ui.runtime:1316: SYS: Applying avatar profile -> HINATA / Hinata.vrm
[2026-07-12 20:38:26] INFO     ui.runtime:1316: SYS: UI theme -> HINATA
[2026-07-12 20:38:26] INFO     ui.runtime:1316: SYS: Forwarding VRM switch -> Hinata.vrm
[2026-07-12 20:38:26] INFO     ui.runtime:1316: [PERSONALITY] Avatar request sent -> Hinata.vrm
[2026-07-12 20:38:26] INFO     ui.runtime:1316: [PERSONALITY] Waiting for renderer -> Hinata.vrm
[2026-07-12 20:38:26] INFO     ui.runtime:1316: SYS: Animation profile -> HINATA
[2026-07-12 20:38:26] INFO     ui.runtime:1316: [VRM] Animation profile requested -> HINATA
[2026-07-12 20:38:26] INFO     ui.runtime:1316: SYS: Personality active -> HINATA
[2026-07-12 20:38:26] INFO     ui.runtime:1316: [VRM] Switch command sent -> Hinata.vrm; result=sent
[2026-07-12 20:38:26] INFO     ui.runtime:1316: [VRM] Waiting for Avatar Ready -> Hinata.vrm; diagnostics={'currentAvatarFile': None, 'hasActiveVRM': False, 'hasMixer': False, 'avatarSwitchInProgress': True, 'queuedAvatarFile': None, 'avatarUpdatePaused': True, 'lastAvatarSwitchStatus': 'switching', 'lastAvatarSwitchError': None, 'sceneChildren': 2, 'emotion': 'idle', 'activeAction': None, 'animation': {'mixerBound': False, 'fbxActive': False, 'activeName': None, 'currentState': 'idle', 'idleName': 'breathing_idle', 'idleActionAlive': False, 'hasCurrentAction': False, 'queueLength': 0, 'queue': [], 'cachedClips': 8, 'cachedClipNames': ['idle', 'talking', 'thinking', 'wave', 'breathing_idle', 'happy', 'secret', 'talking2'], 'pendingFade': False, 'blendProgress': 1, 'availableGestures': ['wave', 'wave2', 'salute', 'bow', 'clap', 'point', 'shrug', 'nod', 'shake_head', 'jump'], 'availableEmotions': ['happy', 'sad', 'thinking', 'excited', 'embarrassed', 'angry', 'laughing'], 'currentProfile': 'HINATA'}}
[2026-07-12 20:38:27] INFO     ui.runtime:1316: SYS: JARVIS online.
[2026-07-12 20:38:27] INFO     ui.runtime:1316: [VRM] Avatar Ready -> Hinata.vrm
[2026-07-12 20:38:27] INFO     ui.runtime:1316: [VRM] Renderer diagnostics -> {'currentAvatarFile': 'Hinata.vrm', 'hasActiveVRM': True, 'hasMixer': True, 'avatarSwitchInProgress': False, 'queuedAvatarFile': None, 'avatarUpdatePaused': False, 'lastAvatarSwitchStatus': 'ready', 'lastAvatarSwitchError': None, 'sceneChildren': 3, 'emotion': 'listening', 'activeAction': None, 'animation': {'mixerBound': True, 'fbxActive': False, 'activeName': None, 'currentState': 'listening', 'idleName': 'breathing_idle', 'idleActionAlive': True, 'hasCurrentAction': False, 'queueLength': 0, 'queue': [], 'cachedClips': 8, 'cachedClipNames': ['idle', 'talking', 'thinking', 'wave', 'breathing_idle', 'happy', 'secret', 'talking2'], 'pendingFade': True, 'blendProgress': 0, 'availableGestures': ['wave', 'wave2', 'salute', 'bow', 'clap', 'point', 'shrug', 'nod', 'shake_head', 'jump'], 'availableEmotions': ['happy', 'sad', 'thinking', 'excited', 'embarrassed', 'angry', 'laughing'], 'currentProfile': 'HINATA'}}
[2026-07-12 20:38:27] WARNING  api.key_pool:84: Key marked as failed: AQ.Ab8RN6I... (unhandled errors in a TaskGroup (1 sub-exception))
[2026-07-12 20:38:29] INFO     commands.router:310: Handling local command: personality - switch to chidvi
[2026-07-12 20:38:29] INFO     core.personality_manager:259: Switching personality to CHIDVI
[2026-07-12 20:38:29] INFO     core.personality_manager:307: Personality switched to CHIDVI
[2026-07-12 20:38:29] INFO     commands.router:332: Local command executed: switch to chidvi
[2026-07-12 20:38:29] INFO     ui.runtime:1316: SYS: Switching personality -> CHIDVI
[2026-07-12 20:38:29] INFO     ui.runtime:1316: SYS: Avatar profile -> CHIDVI uses Chidvi.vrm
[2026-07-12 20:38:29] INFO     ui.runtime:1316: SYS: Applying avatar profile -> CHIDVI / Chidvi.vrm
[2026-07-12 20:38:29] INFO     ui.runtime:1316: SYS: UI theme -> CHIDVI
[2026-07-12 20:38:29] INFO     ui.runtime:1316: SYS: Forwarding VRM switch -> Chidvi.vrm
[2026-07-12 20:38:29] INFO     ui.runtime:1316: [PERSONALITY] Avatar request sent -> Chidvi.vrm
[2026-07-12 20:38:29] INFO     ui.runtime:1316: [PERSONALITY] Waiting for renderer -> Chidvi.vrm
[2026-07-12 20:38:29] INFO     ui.runtime:1316: SYS: Animation profile -> CHIDVI
[2026-07-12 20:38:29] INFO     ui.runtime:1316: [VRM] Animation profile requested -> CHIDVI
[2026-07-12 20:38:29] INFO     ui.runtime:1316: SYS: Personality active -> CHIDVI
[2026-07-12 20:38:29] INFO     ui.runtime:1316: [VRM] Switch command sent -> Chidvi.vrm; result=sent
[2026-07-12 20:38:29] INFO     ui.runtime:1316: [VRM] Waiting for Avatar Ready -> Chidvi.vrm; diagnostics={'currentAvatarFile': None, 'hasActiveVRM': False, 'hasMixer': False, 'avatarSwitchInProgress': True, 'queuedAvatarFile': None, 'avatarUpdatePaused': True, 'lastAvatarSwitchStatus': 'switching', 'lastAvatarSwitchError': None, 'sceneChildren': 2, 'emotion': 'reconnecting', 'activeAction': None, 'animation': {'mixerBound': False, 'fbxActive': False, 'activeName': None, 'currentState': 'idle', 'idleName': 'idle', 'idleActionAlive': False, 'hasCurrentAction': False, 'queueLength': 0, 'queue': [], 'cachedClips': 8, 'cachedClipNames': ['idle', 'talking', 'thinking', 'wave', 'breathing_idle', 'happy', 'secret', 'talking2'], 'pendingFade': False, 'blendProgress': 1, 'availableGestures': ['wave', 'wave2', 'salute', 'bow', 'clap', 'point', 'shrug', 'nod', 'shake_head', 'jump'], 'availableEmotions': ['happy', 'sad', 'thinking', 'excited', 'embarrassed', 'angry', 'laughing'], 'currentProfile': 'CHIDVI'}}
[2026-07-12 20:38:30] INFO     ui.runtime:1316: [VRM] Avatar Ready -> Chidvi.vrm
[2026-07-12 20:38:30] INFO     ui.runtime:1316: [VRM] Renderer diagnostics -> {'currentAvatarFile': 'Chidvi.vrm', 'hasActiveVRM': True, 'hasMixer': True, 'avatarSwitchInProgress': False, 'queuedAvatarFile': None, 'avatarUpdatePaused': False, 'lastAvatarSwitchStatus': 'ready', 'lastAvatarSwitchError': None, 'sceneChildren': 3, 'emotion': 'idle', 'activeAction': None, 'animation': {'mixerBound': True, 'fbxActive': False, 'activeName': None, 'currentState': 'idle', 'idleName': 'idle', 'idleActionAlive': True, 'hasCurrentAction': False, 'queueLength': 0, 'queue': [], 'cachedClips': 8, 'cachedClipNames': ['idle', 'talking', 'thinking', 'wave', 'breathing_idle', 'happy', 'secret', 'talking2'], 'pendingFade': False, 'blendProgress': 1, 'availableGestures': ['wave', 'wave2', 'salute', 'bow', 'clap', 'point', 'shrug', 'nod', 'shake_head', 'jump'], 'availableEmotions': ['happy', 'sad', 'thinking', 'excited', 'embarrassed', 'angry', 'laughing'], 'currentProfile': 'CHIDVI'}}
[2026-07-12 20:38:32] INFO     ui.runtime:1316: SYS: JARVIS online.
[2026-07-12 20:38:33] WARNING  api.key_pool:84: Key marked as failed: AQ.Ab8RN6L... (unhandled errors in a TaskGroup (1 sub-exception))
[2026-07-12 20:38:44] INFO     ui.runtime:1316: SYS: JARVIS online.
