[2026-07-10 10:44:10] INFO     core.personality_manager:127: Personalities loaded: CHIDVI, HINATA
[2026-07-10 10:44:11] INFO     commands.router:70: Command router initialized
[2026-07-10 10:44:11] INFO     api.key_pool:128: Loaded 6 API keys
[2026-07-10 10:44:25] WARNING  google_genai.types:19785: Warning: there are non-data parts in the response: ['text', 'thought'], returning concatenated data result from data parts, check out the non data parts for full response from model.
[2026-07-10 10:44:26] INFO     HINATA:20: Avatar State -> SPEAKING
[2026-07-10 10:44:31] INFO     HINATA:20: Avatar State -> IDLE
[2026-07-10 10:44:48] INFO     HINATA:20: Avatar State -> SPEAKING
[2026-07-10 10:44:49] INFO     HINATA:20: Avatar State -> IDLE
[2026-07-10 10:44:54] INFO     HINATA:20: Avatar State -> SPEAKING
[2026-07-10 10:44:58] INFO     HINATA:20: Avatar State -> IDLE
[2026-07-10 10:44:59] INFO     HINATA:20: Avatar State -> SPEAKING
[2026-07-10 10:45:04] INFO     HINATA:20: Avatar State -> IDLE
[2026-07-10 10:45:15] INFO     HINATA:20: Avatar State -> SPEAKING
[2026-07-10 10:45:16] INFO     HINATA:20: Avatar State -> IDLE
[2026-07-10 10:45:29] INFO     commands.router:310: Handling local command: personality - switch to chidvi
[2026-07-10 10:45:29] INFO     __main__:605: [PERSONALITY] Switch requested -> CHIDVI
[2026-07-10 10:45:29] INFO     __main__:608: [PERSONALITY] Activating profile -> CHIDVI
[2026-07-10 10:45:29] INFO     core.personality_manager:259: Switching personality to CHIDVI
[2026-07-10 10:45:29] INFO     core.personality_manager:307: Personality switched to CHIDVI
[2026-07-10 10:45:29] INFO     __main__:613: [PERSONALITY] Profile activation result -> True
[2026-07-10 10:45:29] INFO     __main__:628: [PERSONALITY] Loading profile assets -> prompt=OK voice=Charon theme=CHIDVI avatar=Chidvi.vrm
[2026-07-10 10:45:29] INFO     __main__:636: [PERSONALITY] Runtime state saved -> CHIDVI / Chidvi.vrm
