[2026-07-12 12:50:20] INFO     core.personality_manager:127: Personalities loaded: CHIDVI, HINATA
[2026-07-12 12:50:20] INFO     ui.runtime:1316: SYS: Renderer initial avatar -> Hinata.vrm
[2026-07-12 12:50:20] INFO     commands.router:70: Command router initialized
[2026-07-12 12:50:20] INFO     api.key_pool:128: Loaded 6 API keys
[2026-07-12 12:50:20] INFO     ui.runtime:1316: SYS: Renderer page load started.
[2026-07-12 12:50:21] INFO     ui.runtime:1316: SYS: Renderer page load finished -> True.
[2026-07-12 12:50:22] INFO     ui.runtime:1316: SYS: JARVIS online.
[2026-07-12 12:51:11] INFO     HINATA:20: Avatar State -> LISTENING
[2026-07-12 12:51:12] INFO     HINATA:20: Avatar State -> SPEAKING
[2026-07-12 12:51:20] INFO     ui.runtime:1316: Jarvis: Hey, Chidvilas! Enti doing? You sound like you're up to something... 😉 Hehe! How are you this morning?
[2026-07-12 12:51:20] INFO     HINATA:20: Avatar State -> IDLE
[2026-07-12 12:51:32] INFO     commands.router:310: Handling local command: personality - switch to chidvi
[2026-07-12 12:51:32] INFO     core.personality_manager:259: Switching personality to CHIDVI
[2026-07-12 12:51:32] INFO     core.personality_manager:307: Personality switched to CHIDVI
[2026-07-12 12:51:32] INFO     commands.router:332: Local command executed: switch to chidvi
[2026-07-12 12:51:32] INFO     ui.runtime:1316: SYS: Switching personality -> CHIDVI
[2026-07-12 12:51:32] INFO     ui.runtime:1316: SYS: Avatar profile -> CHIDVI uses Chidvi.vrm
[2026-07-12 12:51:32] INFO     ui.runtime:1316: SYS: Applying avatar profile -> CHIDVI / Chidvi.vrm
[2026-07-12 12:51:32] INFO     ui.runtime:1316: SYS: UI theme -> CHIDVI
[2026-07-12 12:51:32] INFO     ui.runtime:1316: SYS: Forwarding VRM switch -> Chidvi.vrm
[2026-07-12 12:51:32] INFO     ui.runtime:1316: [PERSONALITY] Avatar request sent -> Chidvi.vrm
[2026-07-12 12:51:32] INFO     ui.runtime:1316: [PERSONALITY] Waiting for renderer -> Chidvi.vrm
[2026-07-12 12:51:32] INFO     ui.runtime:1316: SYS: Animation profile -> CHIDVI
[2026-07-12 12:51:32] INFO     ui.runtime:1316: [VRM] Animation profile requested -> CHIDVI
[2026-07-12 12:51:32] INFO     ui.runtime:1316: SYS: Personality active -> CHIDVI
[2026-07-12 12:51:32] INFO     ui.runtime:1316: [VRM] Switch command sent -> Chidvi.vrm; result=sent
[2026-07-12 12:51:32] INFO     ui.runtime:1316: [VRM] Waiting for Avatar Ready -> Chidvi.vrm; diagnostics={'currentAvatarFile': None, 'hasActiveVRM': False, 'hasMixer': False, 'avatarSwitchInProgress': True, 'queuedAvatarFile': None, 'avatarUpdatePaused': True, 'lastAvatarSwitchStatus': 'switching', 'lastAvatarSwitchError': None, 'sceneChildren': 2, 'emotion': 'listening', 'activeAction': None, 'animation': {'mixerBound': False, 'fbxActive': False, 'activeName': None, 'currentState': 'listening', 'idleName': 'idle', 'idleActionAlive': False, 'hasCurrentAction': False, 'queueLength': 0, 'queue': [], 'cachedClips': 7, 'cachedClipNames': ['thinking', 'wave', 'idle', 'talking', 'breathing_idle', 'secret', 'talking2'], 'pendingFade': False, 'blendProgress': 1, 'availableGestures': ['wave', 'wave2', 'salute', 'bow', 'clap', 'point', 'shrug', 'nod', 'shake_head', 'jump'], 'availableEmotions': ['happy', 'sad', 'thinking', 'excited', 'embarrassed', 'angry', 'laughing'], 'currentProfile': 'CHIDVI'}}
[2026-07-12 12:51:33] WARNING  api.key_pool:84: Key marked as failed: AQ.Ab8RN6I... (unhandled errors in a TaskGroup (1 sub-exception))
[2026-07-12 12:51:33] INFO     ui.runtime:1316: [VRM] Avatar Ready -> Chidvi.vrm
[2026-07-12 12:51:33] INFO     ui.runtime:1316: [VRM] Renderer diagnostics -> {'currentAvatarFile': 'Chidvi.vrm', 'hasActiveVRM': True, 'hasMixer': True, 'avatarSwitchInProgress': False, 'queuedAvatarFile': None, 'avatarUpdatePaused': False, 'lastAvatarSwitchStatus': 'ready', 'lastAvatarSwitchError': None, 'sceneChildren': 3, 'emotion': 'idle', 'activeAction': None, 'animation': {'mixerBound': True, 'fbxActive': False, 'activeName': None, 'currentState': 'idle', 'idleName': 'idle', 'idleActionAlive': True, 'hasCurrentAction': False, 'queueLength': 0, 'queue': [], 'cachedClips': 7, 'cachedClipNames': ['thinking', 'wave', 'idle', 'talking', 'breathing_idle', 'secret', 'talking2'], 'pendingFade': False, 'blendProgress': 1, 'availableGestures': ['wave', 'wave2', 'salute', 'bow', 'clap', 'point', 'shrug', 'nod', 'shake_head', 'jump'], 'availableEmotions': ['happy', 'sad', 'thinking', 'excited', 'embarrassed', 'angry', 'laughing'], 'currentProfile': 'CHIDVI'}}
[2026-07-12 12:51:37] INFO     ui.runtime:1316: SYS: JARVIS online.
[2026-07-12 12:52:01] INFO     HINATA:20: Avatar State -> LISTENING
[2026-07-12 12:52:03] INFO     HINATA:20: Avatar State -> SPEAKING
[2026-07-12 12:52:04] INFO     ui.runtime:1316: Jarvis: Hello Hinata! How can I help you today?
[2026-07-12 12:52:05] INFO     HINATA:20: Avatar State -> IDLE
[2026-07-12 12:52:10] INFO     HINATA:20: Avatar State -> LISTENING
[2026-07-12 12:52:11] INFO     HINATA:20: Avatar State -> SPEAKING
[2026-07-12 12:52:13] INFO     ui.runtime:1316: Jarvis: Hello! What can I do for you?
[2026-07-12 12:52:13] INFO     HINATA:20: Avatar State -> IDLE
[2026-07-12 12:52:21] INFO     commands.router:310: Handling local command: personality - switch to hinata
[2026-07-12 12:52:21] INFO     core.personality_manager:259: Switching personality to HINATA
[2026-07-12 12:52:21] INFO     core.personality_manager:307: Personality switched to HINATA
[2026-07-12 12:52:21] INFO     commands.router:332: Local command executed: switch to hinata
[2026-07-12 12:52:21] INFO     ui.runtime:1316: SYS: Switching personality -> HINATA
[2026-07-12 12:52:21] INFO     ui.runtime:1316: SYS: Avatar profile -> HINATA uses Hinata.vrm
[2026-07-12 12:52:21] INFO     ui.runtime:1316: SYS: Applying avatar profile -> HINATA / Hinata.vrm
[2026-07-12 12:52:21] INFO     ui.runtime:1316: SYS: UI theme -> HINATA
[2026-07-12 12:52:21] INFO     ui.runtime:1316: SYS: Forwarding VRM switch -> Hinata.vrm
[2026-07-12 12:52:21] INFO     ui.runtime:1316: [PERSONALITY] Avatar request sent -> Hinata.vrm
[2026-07-12 12:52:21] INFO     ui.runtime:1316: [PERSONALITY] Waiting for renderer -> Hinata.vrm
[2026-07-12 12:52:21] INFO     ui.runtime:1316: SYS: Animation profile -> HINATA
[2026-07-12 12:52:21] INFO     ui.runtime:1316: [VRM] Animation profile requested -> HINATA
[2026-07-12 12:52:21] INFO     ui.runtime:1316: SYS: Personality active -> HINATA
[2026-07-12 12:52:21] INFO     ui.runtime:1316: [VRM] Switch command sent -> Hinata.vrm; result=sent
[2026-07-12 12:52:21] INFO     ui.runtime:1316: [VRM] Waiting for Avatar Ready -> Hinata.vrm; diagnostics={'currentAvatarFile': None, 'hasActiveVRM': False, 'hasMixer': False, 'avatarSwitchInProgress': True, 'queuedAvatarFile': None, 'avatarUpdatePaused': True, 'lastAvatarSwitchStatus': 'switching', 'lastAvatarSwitchError': None, 'sceneChildren': 2, 'emotion': 'listening', 'activeAction': None, 'animation': {'mixerBound': False, 'fbxActive': False, 'activeName': None, 'currentState': 'listening', 'idleName': 'breathing_idle', 'idleActionAlive': False, 'hasCurrentAction': False, 'queueLength': 0, 'queue': [], 'cachedClips': 7, 'cachedClipNames': ['thinking', 'wave', 'idle', 'talking', 'breathing_idle', 'secret', 'talking2'], 'pendingFade': False, 'blendProgress': 1, 'availableGestures': ['wave', 'wave2', 'salute', 'bow', 'clap', 'point', 'shrug', 'nod', 'shake_head', 'jump'], 'availableEmotions': ['happy', 'sad', 'thinking', 'excited', 'embarrassed', 'angry', 'laughing'], 'currentProfile': 'HINATA'}}
[2026-07-12 12:52:21] WARNING  api.key_pool:84: Key marked as failed: AQ.Ab8RN6J... (unhandled errors in a TaskGroup (1 sub-exception))
[2026-07-12 12:52:22] INFO     ui.runtime:1316: [VRM] Avatar Ready -> Hinata.vrm
[2026-07-12 12:52:22] INFO     ui.runtime:1316: [VRM] Renderer diagnostics -> {'currentAvatarFile': 'Hinata.vrm', 'hasActiveVRM': True, 'hasMixer': True, 'avatarSwitchInProgress': False, 'queuedAvatarFile': None, 'avatarUpdatePaused': False, 'lastAvatarSwitchStatus': 'ready', 'lastAvatarSwitchError': None, 'sceneChildren': 3, 'emotion': 'idle', 'activeAction': None, 'animation': {'mixerBound': True, 'fbxActive': False, 'activeName': None, 'currentState': 'idle', 'idleName': 'breathing_idle', 'idleActionAlive': True, 'hasCurrentAction': False, 'queueLength': 0, 'queue': [], 'cachedClips': 7, 'cachedClipNames': ['thinking', 'wave', 'idle', 'talking', 'breathing_idle', 'secret', 'talking2'], 'pendingFade': False, 'blendProgress': 1, 'availableGestures': ['wave', 'wave2', 'salute', 'bow', 'clap', 'point', 'shrug', 'nod', 'shake_head', 'jump'], 'availableEmotions': ['happy', 'sad', 'thinking', 'excited', 'embarrassed', 'angry', 'laughing'], 'currentProfile': 'HINATA'}}
[2026-07-12 12:52:25] INFO     ui.runtime:1316: SYS: JARVIS online.
